<html>
<body>
<pre>
<h1>礦ision Build Log</h1>
<h2>Tool Versions:</h2>
IDE-Version: μVision V5.14.0.0
Copyright (C) 2015 ARM Ltd and ARM Germany GmbH. All rights reserved.
License Information: qiao siyi, xjtu, LIC=50D56-DRMVD-HQQ0I-TTP5V-F38T5-F7MTV
 
Tool Versions:
Toolchain:       MDK-ARM Professional  Version: 5.14.0.0
Toolchain Path:  C:\Keil_v5\ARM\ARMCC\Bin
C Compiler:      Armcc.exe V5.05 update 1 (build 106)
Assembler:       Armasm.exe V5.05 update 1 (build 106)
Linker/Locator:  ArmLink.exe V5.05 update 1 (build 106)
Library Manager: ArmAr.exe V5.05 update 1 (build 106)
Hex Converter:   FromElf.exe V5.05 update 1 (build 106)
CPU DLL:         SARMCM3.DLL V5.14.0.0
Dialog DLL:      DARMSTM.DLL V1.65.0.0
Target DLL:      Segger\JL2CM3.dll V2.99.13.0
Dialog DLL:      TARMSTM.DLL V1.64.0.0
 
<h2>Project:</h2>
E:\项目\IOV\source\USER\iov.uvprojx
Project File Date:  11/04/2016

<h2>Output:</h2>
Build target 'Target 1'
compiling main.c...
compiling gt9147.c...
compiling ott2001a.c...
compiling ctiic.c...
compiling sdio_sdcard.c...
compiling usmart.c...
compiling usmart_config.c...
compiling usmart_str.c...
compiling sim900a.c...
compiling malloc.c...
compiling text.c...
compiling fontupd.c...
compiling diskio.c...
compiling ff.c...
compiling exfuns.c...
compiling fattester.c...
compiling mycc936.c...
linking...
Program Size: Code=63402 RO-data=10634 RW-data=484 ZI-data=1047764  
FromELF: creating hex file...
"..\OBJ\test.axf" - 0 Error(s), 0 Warning(s).

<h2>Collection of Component include folders:</h2>
  E:\项目\IOV\source\USER\RTE
  C:\Keil_v5\ARM\PACK\Keil\STM32F1xx_DFP\1.0.5\Device\Include

<h2>Collection of Component Files used:</h2>
</pre>
</body>
</html>
