Component: ARM Compiler 5.05 update 1 (build 106) Tool: armlink [4d0efa]

==============================================================================

Section Cross References

    startup_stm32f10x_hd.o(STACK) refers (Special) to heapauxi.o(.text) for __use_two_region_memory
    startup_stm32f10x_hd.o(HEAP) refers (Special) to heapauxi.o(.text) for __use_two_region_memory
    startup_stm32f10x_hd.o(RESET) refers (Special) to heapauxi.o(.text) for __use_two_region_memory
    startup_stm32f10x_hd.o(RESET) refers to startup_stm32f10x_hd.o(STACK) for __initial_sp
    startup_stm32f10x_hd.o(RESET) refers to startup_stm32f10x_hd.o(.text) for Reset_Handler
    startup_stm32f10x_hd.o(RESET) refers to rtc.o(i.RTC_IRQHandler) for RTC_IRQHandler
    startup_stm32f10x_hd.o(RESET) refers to timer.o(i.TIM3_IRQHandler) for TIM3_IRQHandler
    startup_stm32f10x_hd.o(RESET) refers to usmart.o(i.TIM4_IRQHandler) for TIM4_IRQHandler
    startup_stm32f10x_hd.o(RESET) refers to usart.o(i.USART1_IRQHandler) for USART1_IRQHandler
    startup_stm32f10x_hd.o(RESET) refers to usart3.o(i.USART3_IRQHandler) for USART3_IRQHandler
    startup_stm32f10x_hd.o(RESET) refers to sdio_sdcard.o(i.SDIO_IRQHandler) for SDIO_IRQHandler
    startup_stm32f10x_hd.o(RESET) refers to timer.o(i.TIM5_IRQHandler) for TIM5_IRQHandler
    startup_stm32f10x_hd.o(.text) refers (Special) to heapauxi.o(.text) for __use_two_region_memory
    startup_stm32f10x_hd.o(.text) refers to __main.o(!!!main) for __main
    startup_stm32f10x_hd.o(.text) refers to startup_stm32f10x_hd.o(HEAP) for Heap_Mem
    startup_stm32f10x_hd.o(.text) refers to startup_stm32f10x_hd.o(STACK) for Stack_Mem
    main.o(i.main) refers to niming.o(i.Init) for Init
    main.o(i.main) refers to key.o(i.KEY_Scan) for KEY_Scan
    main.o(i.main) refers to ili93xx.o(i.LCD_ShowString) for LCD_ShowString
    main.o(i.main) refers to niming.o(i.mpuDmpInit) for mpuDmpInit
    main.o(i.main) refers to inv_mpu.o(i.mpu_dmp_get_data) for mpu_dmp_get_data
    main.o(i.main) refers to faddsub_clz.o(x$fpl$fsub) for __aeabi_fsub
    main.o(i.main) refers to fleqf.o(x$fpl$fleqf) for __aeabi_cfcmple
    main.o(i.main) refers to faddsub_clz.o(x$fpl$fadd) for __aeabi_fadd
    main.o(i.main) refers to frleqf.o(x$fpl$frleqf) for __aeabi_cfrcmple
    main.o(i.main) refers to mpu6050.o(i.MPU_Get_Temperature) for MPU_Get_Temperature
    main.o(i.main) refers to mpu6050.o(i.MPU_Get_Accelerometer) for MPU_Get_Accelerometer
    main.o(i.main) refers to mpu6050.o(i.MPU_Get_Gyroscope) for MPU_Get_Gyroscope
    main.o(i.main) refers to niming.o(i.windowfilterT) for windowfilterT
    main.o(i.main) refers to niming.o(i.windowfilterAx) for windowfilterAx
    main.o(i.main) refers to niming.o(i.windowfilterAy) for windowfilterAy
    main.o(i.main) refers to niming.o(i.windowfilterAz) for windowfilterAz
    main.o(i.main) refers to niming.o(i.mpu6050_send_data) for mpu6050_send_data
    main.o(i.main) refers to fmul.o(x$fpl$fmul) for __aeabi_fmul
    main.o(i.main) refers to ffix.o(x$fpl$ffix) for __aeabi_f2iz
    main.o(i.main) refers to niming.o(i.usart1_report_imu) for usart1_report_imu
    main.o(i.main) refers to niming.o(i.updateScaleLine) for updateScaleLine
    main.o(i.main) refers to ili93xx.o(i.showxyupdatepo) for showxyupdatepo
    main.o(i.main) refers to ili93xx.o(i.showXandY) for showXandY
    main.o(i.main) refers to ili93xx.o(i.showzupdate) for showzupdate
    main.o(i.main) refers to ili93xx.o(i.showprylineupdate) for showprylineupdate
    main.o(i.main) refers to niming.o(i.recordAcxyzMax) for recordAcxyzMax
    main.o(i.main) refers to niming.o(i.showNumtxyzrpy) for showNumtxyzrpy
    main.o(i.main) refers to niming.o(i.showClockNum) for showClockNum
    main.o(i.main) refers to f2d.o(x$fpl$f2d) for __aeabi_f2d
    main.o(i.main) refers to daddsub_clz.o(x$fpl$dadd) for __aeabi_dadd
    main.o(i.main) refers to d2f.o(x$fpl$d2f) for __aeabi_d2f
    main.o(i.main) refers to rtc.o(.bss) for calendar
    delay.o(i.delay_init) refers to delay.o(.data) for fac_us
    delay.o(i.delay_ms) refers to delay.o(.data) for fac_ms
    delay.o(i.delay_us) refers to delay.o(.data) for fac_us
    sys.o(i.MYRCC_DeInit) refers to sys.o(i.MY_NVIC_SetVectorTable) for MY_NVIC_SetVectorTable
    sys.o(i.MY_NVIC_Init) refers to sys.o(i.MY_NVIC_PriorityGroupConfig) for MY_NVIC_PriorityGroupConfig
    sys.o(i.Stm32_Clock_Init) refers to sys.o(i.MYRCC_DeInit) for MYRCC_DeInit
    sys.o(i.Sys_Standby) refers to sys.o(i.WFI_SET) for WFI_SET
    usart.o(i.USART1_IRQHandler) refers (Special) to use_no_semi_2.o(.text) for __use_no_semihosting
    usart.o(i.USART1_IRQHandler) refers to usart.o(.data) for USART_RX_STA
    usart.o(i.USART1_IRQHandler) refers to usart.o(.bss) for USART_RX_BUF
    usart.o(i._sys_exit) refers (Special) to use_no_semi_2.o(.text) for __use_no_semihosting
    usart.o(i.fputc) refers (Special) to use_no_semi_2.o(.text) for __use_no_semihosting
[...]
    _mutex_acquire                            - Undefined Weak Reference
    _mutex_release                            - Undefined Weak Reference
    _printf_fp_hex                            - Undefined Weak Reference
    _printf_mbtowc                            - Undefined Weak Reference
    _printf_wc                                - Undefined Weak Reference
    _rand_init                                - Undefined Weak Reference
    _signal_finish                            - Undefined Weak Reference
    _signal_init                              - Undefined Weak Reference
    _terminate_alloc                          - Undefined Weak Reference
    _terminate_user_alloc                     - Undefined Weak Reference
    _terminateio                              - Undefined Weak Reference
    __Vectors_Size                           0x00000130   Number         0  startup_stm32f10x_hd.o ABSOLUTE
    __Vectors                                0x08000000   Data           4  startup_stm32f10x_hd.o(RESET)
    __Vectors_End                            0x08000130   Data           0  startup_stm32f10x_hd.o(RESET)
    __main                                   0x08000131   Thumb Code     8  __main.o(!!!main)
    __scatterload                            0x08000139   Thumb Code     0  __scatter.o(!!!scatter)
    __scatterload_rt2                        0x08000139   Thumb Code    44  __scatter.o(!!!scatter)
    __scatterload_rt2_thumb_only             0x08000139   Thumb Code     0  __scatter.o(!!!scatter)
    __scatterload_null                       0x08000147   Thumb Code     0  __scatter.o(!!!scatter)
    __decompress                             0x0800016d   Thumb Code    90  __dczerorl2.o(!!dczerorl2)
    __decompress1                            0x0800016d   Thumb Code     0  __dczerorl2.o(!!dczerorl2)
    __scatterload_zeroinit                   0x080001c9   Thumb Code    28  __scatter_zi.o(!!handler_zi)
    _printf_d                                0x080001e5   Thumb Code     0  _printf_d.o(.ARM.Collect$$_printf_percent$$00000009)
    _printf_percent                          0x080001e5   Thumb Code     0  _printf_percent.o(.ARM.Collect$$_printf_percent$$00000000)
    _printf_u                                0x080001eb   Thumb Code     0  _printf_u.o(.ARM.Collect$$_printf_percent$$0000000A)
    _printf_x                                0x080001f1   Thumb Code     0  _printf_x.o(.ARM.Collect$$_printf_percent$$0000000C)
    _printf_c                                0x080001f7   Thumb Code     0  _printf_c.o(.ARM.Collect$$_printf_percent$$00000013)
    _printf_s                                0x080001fd   Thumb Code     0  _printf_s.o(.ARM.Collect$$_printf_percent$$00000014)
    _printf_percent_end                      0x08000203   Thumb Code     0  _printf_percent_end.o(.ARM.Collect$$_printf_percent$$00000017)
    __rt_lib_init                            0x08000207   Thumb Code     0  libinit.o(.ARM.Collect$$libinit$$00000000)
    __rt_lib_init_alloca_1                   0x08000209   Thumb Code     0  libinit2.o(.ARM.Collect$$libinit$$0000002E)
    __rt_lib_init_argv_1                     0x08000209   Thumb Code     0  libinit2.o(.ARM.Collect$$libinit$$0000002C)
    __rt_lib_init_atexit_1                   0x08000209   Thumb Code     0  libinit2.o(.ARM.Collect$$libinit$$0000001B)
    __rt_lib_init_clock_1                    0x08000209   Thumb Code     0  libinit2.o(.ARM.Collect$$libinit$$00000021)
    __rt_lib_init_cpp_1                      0x08000209   Thumb Code     0  libinit2.o(.ARM.Collect$$libinit$$00000032)
    __rt_lib_init_exceptions_1               0x08000209   Thumb Code     0  libinit2.o(.ARM.Collect$$libinit$$00000030)
    __rt_lib_init_fp_1                       0x08000209   Thumb Code     0  libinit2.o(.ARM.Collect$$libinit$$00000002)
    __rt_lib_init_fp_trap_1                  0x08000209   Thumb Code     0  libinit2.o(.ARM.Collect$$libinit$$0000001F)
    __rt_lib_init_getenv_1                   0x08000209   Thumb Code     0  libinit2.o(.ARM.Collect$$libinit$$00000023)
    __rt_lib_init_heap_1                     0x08000209   Thumb Code     0  libinit2.o(.ARM.Collect$$libinit$$0000000A)
    __rt_lib_init_lc_collate_1               0x08000209   Thumb Code     0  libinit2.o(.ARM.Collect$$libinit$$00000011)
    __rt_lib_init_lc_ctype_1                 0x08000209   Thumb Code     0  libinit2.o(.ARM.Collect$$libinit$$00000013)
    __rt_lib_init_lc_monetary_1              0x08000209   Thumb Code     0  libinit2.o(.ARM.Collect$$libinit$$00000015)
    __rt_lib_init_lc_numeric_1               0x08000209   Thumb Code     0  libinit2.o(.ARM.Collect$$libinit$$00000017)
    __rt_lib_init_lc_time_1                  0x08000209   Thumb Code     0  libinit2.o(.ARM.Collect$$libinit$$00000019)
    __rt_lib_init_preinit_1                  0x08000209   Thumb Code     0  libinit2.o(.ARM.Collect$$libinit$$00000004)
    __rt_lib_init_rand_1                     0x08000209   Thumb Code     0  libinit2.o(.ARM.Collect$$libinit$$0000000E)
    __rt_lib_init_return                     0x08000209   Thumb Code     0  libinit2.o(.ARM.Collect$$libinit$$00000033)
    __rt_lib_init_signal_1                   0x08000209   Thumb Code     0  libinit2.o(.ARM.Collect$$libinit$$0000001D)
    __rt_lib_init_stdio_1                    0x08000209   Thumb Code     0  libinit2.o(.ARM.Collect$$libinit$$00000025)
    __rt_lib_init_user_alloc_1               0x08000209   Thumb Code     0  libinit2.o(.ARM.Collect$$libinit$$0000000C)
    __rt_lib_shutdown                        0x0800020b   Thumb Code     0  libshutdown.o(.ARM.Collect$$libshutdown$$00000000)
    __rt_lib_shutdown_fp_trap_1              0x0800020d   Thumb Code     0  libshutdown2.o(.ARM.Collect$$libshutdown$$00000006)
    __rt_lib_shutdown_heap_1                 0x0800020d   Thumb Code     0  libshutdown2.o(.ARM.Collect$$libshutdown$$0000000E)
    __rt_lib_shutdown_return                 0x0800020d   Thumb Code     0  libshutdown2.o(.ARM.Collect$$libshutdown$$0000000F)
    __rt_lib_shutdown_signal_1               0x0800020d   Thumb Code     0  libshutdown2.o(.ARM.Collect$$libshutdown$$00000009)
    __rt_lib_shutdown_stdio_1                0x0800020d   Thumb Code     0  libshutdown2.o(.ARM.Collect$$libshutdown$$00000003)
    __rt_lib_shutdown_user_alloc_1           0x0800020d   Thumb Code     0  libshutdown2.o(.ARM.Collect$$libshutdown$$0000000B)
    __rt_entry                               0x0800020f   Thumb Code     0  __rtentry.o(.ARM.Collect$$rtentry$$00000000)
    __rt_entry_presh_1                       0x0800020f   Thumb Code     0  __rtentry2.o(.ARM.Collect$$rtentry$$00000002)
    __rt_entry_sh                            0x0800020f   Thumb Code     0  __rtentry4.o(.ARM.Collect$$rtentry$$00000004)
    __rt_entry_li                            0x08000215   Thumb Code     0  __rtentry2.o(.ARM.Collect$$rtentry$$0000000A)
    __rt_entry_postsh_1                      0x08000215   Thumb Code     0  __rtentry2.o(.ARM.Collect$$rtentry$$00000009)
    __rt_entry_main                          0x08000219   Thumb Code     0  __rtentry2.o(.ARM.Collect$$rtentry$$0000000D)
    __rt_entry_postli_1                      0x08000219   Thumb Code     0  __rtentry2.o(.ARM.Collect$$rtentry$$0000000C)
    __rt_exit                                0x08000221   Thumb Code     0  rtexit.o(.ARM.Collect$$rtexit$$00000000)
    __rt_exit_ls                             0x08000223   Thumb Code     0  rtexit2.o(.ARM.Collect$$rtexit$$00000003)
    __rt_exit_prels_1                        0x08000223   Thumb Code     0  rtexit2.o(.ARM.Collect$$rtexit$$00000002)
    __rt_exit_exit                           0x08000227   Thumb Code     0  rtexit2.o(.ARM.Collect$$rtexit$$00000004)
    Reset_Handler                            0x0800022d   Thumb Code     4  startup_stm32f10x_hd.o(.text)
    NMI_Handler                              0x08000231   Thumb Code     2  startup_stm32f10x_hd.o(.text)
    HardFault_Handler                        0x08000233   Thumb Code     2  startup_stm32f10x_hd.o(.text)
    MemManage_Handler                        0x08000235   Thumb Code     2  startup_stm32f10x_hd.o(.text)
    BusFault_Handler                         0x08000237   Thumb Code     2  startup_stm32f10x_hd.o(.text)
    UsageFault_Handler                       0x08000239   Thumb Code     2  startup_stm32f10x_hd.o(.text)
    SVC_Handler                              0x0800023b   Thumb Code     2  startup_stm32f10x_hd.o(.text)
    DebugMon_Handler                         0x0800023d   Thumb Code     2  startup_stm32f10x_hd.o(.text)
    PendSV_Handler                           0x0800023f   Thumb Code     2  startup_stm32f10x_hd.o(.text)
    SysTick_Handler                          0x08000241   Thumb Code     2  startup_stm32f10x_hd.o(.text)
    ADC1_2_IRQHandler                        0x08000243   Thumb Code     0  startup_stm32f10x_hd.o(.text)
    ADC3_IRQHandler                          0x08000243   Thumb Code     0  startup_stm32f10x_hd.o(.text)
    CAN1_RX1_IRQHandler                      0x08000243   Thumb Code     0  startup_stm32f10x_hd.o(.text)
    CAN1_SCE_IRQHandler                      0x08000243   Thumb Code     0  startup_stm32f10x_hd.o(.text)
    DMA1_Channel1_IRQHandler                 0x08000243   Thumb Code     0  startup_stm32f10x_hd.o(.text)
    DMA1_Channel2_IRQHandler                 0x08000243   Thumb Code     0  startup_stm32f10x_hd.o(.text)
    DMA1_Channel3_IRQHandler                 0x08000243   Thumb Code     0  startup_stm32f10x_hd.o(.text)
    DMA1_Channel4_IRQHandler                 0x08000243   Thumb Code     0  startup_stm32f10x_hd.o(.text)
    DMA1_Channel5_IRQHandler                 0x08000243   Thumb Code     0  startup_stm32f10x_hd.o(.text)
    DMA1_Channel6_IRQHandler                 0x08000243   Thumb Code     0  startup_stm32f10x_hd.o(.text)
    DMA1_Channel7_IRQHandler                 0x08000243   Thumb Code     0  startup_stm32f10x_hd.o(.text)
    DMA2_Channel1_IRQHandler                 0x08000243   Thumb Code     0  startup_stm32f10x_hd.o(.text)
    DMA2_Channel2_IRQHandler                 0x08000243   Thumb Code     0  startup_stm32f10x_hd.o(.text)
    DMA2_Channel3_IRQHandler                 0x08000243   Thumb Code     0  startup_stm32f10x_hd.o(.text)
    DMA2_Channel4_5_IRQHandler               0x08000243   Thumb Code     0  startup_stm32f10x_hd.o(.text)
    EXTI0_IRQHandler                         0x08000243   Thumb Code     0  startup_stm32f10x_hd.o(.text)
    EXTI15_10_IRQHandler                     0x08000243   Thumb Code     0  startup_stm32f10x_hd.o(.text)
    EXTI1_IRQHandler                         0x08000243   Thumb Code     0  startup_stm32f10x_hd.o(.text)
    EXTI2_IRQHandler                         0x08000243   Thumb Code     0  startup_stm32f10x_hd.o(.text)
    EXTI3_IRQHandler                         0x08000243   Thumb Code     0  startup_stm32f10x_hd.o(.text)
    EXTI4_IRQHandler                         0x08000243   Thumb Code     0  startup_stm32f10x_hd.o(.text)
    EXTI9_5_IRQHandler                       0x08000243   Thumb Code     0  startup_stm32f10x_hd.o(.text)
    FLASH_IRQHandler                         0x08000243   Thumb Code     0  startup_stm32f10x_hd.o(.text)
    FSMC_IRQHandler                          0x08000243   Thumb Code     0  startup_stm32f10x_hd.o(.text)
    I2C1_ER_IRQHandler                       0x08000243   Thumb Code     0  startup_stm32f10x_hd.o(.text)
    I2C1_EV_IRQHandler                       0x08000243   Thumb Code     0  startup_stm32f10x_hd.o(.text)
    I2C2_ER_IRQHandler                       0x08000243   Thumb Code     0  startup_stm32f10x_hd.o(.text)
    I2C2_EV_IRQHandler                       0x08000243   Thumb Code     0  startup_stm32f10x_hd.o(.text)
    PVD_IRQHandler                           0x08000243   Thumb Code     0  startup_stm32f10x_hd.o(.text)
    RCC_IRQHandler                           0x08000243   Thumb Code     0  startup_stm32f10x_hd.o(.text)
    RTCAlarm_IRQHandler                      0x08000243   Thumb Code     0  startup_stm32f10x_hd.o(.text)
    SPI1_IRQHandler                          0x08000243   Thumb Code     0  startup_stm32f10x_hd.o(.text)
    SPI2_IRQHandler                          0x08000243   Thumb Code     0  startup_stm32f10x_hd.o(.text)
    SPI3_IRQHandler                          0x08000243   Thumb Code     0  startup_stm32f10x_hd.o(.text)
    TAMPER_IRQHandler                        0x08000243   Thumb Code     0  startup_stm32f10x_hd.o(.text)
    TIM1_BRK_IRQHandler                      0x08000243   Thumb Code     0  startup_stm32f10x_hd.o(.text)
    TIM1_CC_IRQHandler                       0x08000243   Thumb Code     0  startup_stm32f10x_hd.o(.text)
    TIM1_TRG_COM_IRQHandler                  0x08000243   Thumb Code     0  startup_stm32f10x_hd.o(.text)
    TIM1_UP_IRQHandler                       0x08000243   Thumb Code     0  startup_stm32f10x_hd.o(.text)
    TIM2_IRQHandler                          0x08000243   Thumb Code     0  startup_stm32f10x_hd.o(.text)
    TIM6_IRQHandler                          0x08000243   Thumb Code     0  startup_stm32f10x_hd.o(.text)
    TIM7_IRQHandler                          0x08000243   Thumb Code     0  startup_stm32f10x_hd.o(.text)
    TIM8_BRK_IRQHandler                      0x08000243   Thumb Code     0  startup_stm32f10x_hd.o(.text)
    TIM8_CC_IRQHandler                       0x08000243   Thumb Code     0  startup_stm32f10x_hd.o(.text)
    TIM8_TRG_COM_IRQHandler                  0x08000243   Thumb Code     0  startup_stm32f10x_hd.o(.text)
    TIM8_UP_IRQHandler                       0x08000243   Thumb Code     0  startup_stm32f10x_hd.o(.text)
    UART4_IRQHandler                         0x08000243   Thumb Code     0  startup_stm32f10x_hd.o(.text)
    UART5_IRQHandler                         0x08000243   Thumb Code     0  startup_stm32f10x_hd.o(.text)
    USART2_IRQHandler                        0x08000243   Thumb Code     0  startup_stm32f10x_hd.o(.text)
    USBWakeUp_IRQHandler                     0x08000243   Thumb Code     0  startup_stm32f10x_hd.o(.text)
    USB_HP_CAN1_TX_IRQHandler                0x08000243   Thumb Code     0  startup_stm32f10x_hd.o(.text)
    USB_LP_CAN1_RX0_IRQHandler               0x08000243   Thumb Code     0  startup_stm32f10x_hd.o(.text)
    WWDG_IRQHandler                          0x08000243   Thumb Code     0  startup_stm32f10x_hd.o(.text)
    __user_initial_stackheap                 0x08000245   Thumb Code     0  startup_stm32f10x_hd.o(.text)
    __use_no_semihosting                     0x08000261   Thumb Code     2  use_no_semi_2.o(.text)
    __aeabi_ldivmod                          0x08000263   Thumb Code     0  llsdiv.o(.text)
    _ll_sdiv                                 0x08000263   Thumb Code    72  llsdiv.o(.text)
    __2printf                                0x080002ad   Thumb Code    20  __2printf.o(.text)
    _printf_pre_padding                      0x080002c5   Thumb Code    44  _printf_pad.o(.text)
    _printf_post_padding                     0x080002f1   Thumb Code    34  _printf_pad.o(.text)
    _printf_str                              0x08000313   Thumb Code    82  _printf_str.o(.text)
    _printf_int_dec                          0x08000365   Thumb Code   104  _printf_dec.o(.text)
    _printf_longlong_hex                     0x080003dd   Thumb Code    86  _printf_hex_int_ll_ptr.o(.text)
    _printf_int_hex                          0x08000433   Thumb Code    28  _printf_hex_int_ll_ptr.o(.text)
    _printf_ll_hex                           0x0800044f   Thumb Code    12  _printf_hex_int_ll_ptr.o(.text)
    _printf_hex_ptr                          0x0800045b   Thumb Code    18  _printf_hex_int_ll_ptr.o(.text)
    __printf                                 0x08000471   Thumb Code   388  __printf_flags_ss_wp.o(.text)
    memcmp                                   0x080005f9   Thumb Code    88  memcmp.o(.text)
    __aeabi_memset                           0x08000651   Thumb Code    16  aeabi_memset.o(.text)
    __use_two_region_memory                  0x08000661   Thumb Code     2  heapauxi.o(.text)
    __rt_heap_escrow$2region                 0x08000663   Thumb Code     2  heapauxi.o(.text)
    __rt_heap_expand$2region                 0x08000665   Thumb Code     2  heapauxi.o(.text)
    __I$use$semihosting                      0x08000667   Thumb Code     0  use_no_semi.o(.text)
    __use_no_semihosting_swi                 0x08000667   Thumb Code     2  use_no_semi.o(.text)
    __aeabi_uldivmod                         0x08000669   Thumb Code     0  lludivv7m.o(.text)
    _ll_udiv                                 0x08000669   Thumb Code   238  lludivv7m.o(.text)
    __read_errno                             0x08000757   Thumb Code    10  _rserrno.o(.text)
    __set_errno                              0x08000761   Thumb Code    12  _rserrno.o(.text)
    _printf_int_common                       0x0800076d   Thumb Code   178  _printf_intcommon.o(.text)
    _printf_char_common                      0x0800082b   Thumb Code    32  _printf_char_common.o(.text)
    _printf_cs_common                        0x08000851   Thumb Code    20  _printf_char.o(.text)
    _printf_char                             0x08000865   Thumb Code    16  _printf_char.o(.text)
    _printf_string                           0x08000875   Thumb Code     8  _printf_char.o(.text)
    _printf_char_file                        0x0800087d   Thumb Code    32  _printf_char_file.o(.text)
    __aeabi_memclr                           0x080008a1   Thumb Code     0  rt_memclr.o(.text)
    __rt_memclr                              0x080008a1   Thumb Code    68  rt_memclr.o(.text)
    _memset                                  0x080008a5   Thumb Code     0  rt_memclr.o(.text)
    __aeabi_errno_addr                       0x080008e5   Thumb Code     8  rt_errno_addr_intlibspace.o(.text)
    __errno$intlibspace                      0x080008e5   Thumb Code     0  rt_errno_addr_intlibspace.o(.text)
    __rt_errno_addr$intlibspace              0x080008e5   Thumb Code     0  rt_errno_addr_intlibspace.o(.text)
    ferror                                   0x080008ed   Thumb Code     8  ferror.o(.text)
    __aeabi_memclr4                          0x080008f5   Thumb Code     0  rt_memclr_w.o(.text)
    __aeabi_memclr8                          0x080008f5   Thumb Code     0  rt_memclr_w.o(.text)
    __rt_memclr_w                            0x080008f5   Thumb Code    78  rt_memclr_w.o(.text)
    _memset_w                                0x080008f9   Thumb Code     0  rt_memclr_w.o(.text)
    __user_libspace                          0x08000945   Thumb Code     8  libspace.o(.text)
    __user_perproc_libspace                  0x08000945   Thumb Code     0  libspace.o(.text)
    __user_perthread_libspace                0x08000945   Thumb Code     0  libspace.o(.text)
    __user_setup_stackheap                   0x0800094d   Thumb Code    74  sys_stackheap_outer.o(.text)
    exit                                     0x08000997   Thumb Code    12  exit.o(.text)
    CmdResp1Error                            0x080009a5   Thumb Code    82  sdio_sdcard.o(i.CmdResp1Error)
    Init                                     0x080009fd   Thumb Code   650  niming.o(i.Init)
    Is_Leap_Year                             0x08000d75   Thumb Code    58  rtc.o(i.Is_Leap_Year)
    JTAG_Set                                 0x08000db1   Thumb Code    38  sys.o(i.JTAG_Set)
    KEY_Init                                 0x08000de1   Thumb Code    86  key.o(i.KEY_Init)
    KEY_Scan                                 0x08000e4d   Thumb Code   150  key.o(i.KEY_Scan)
    LCD_Clear                                0x08000ef1   Thumb Code   100  ili93xx.o(i.LCD_Clear)
    LCD_Display_Dir                          0x08000f5d   Thumb Code   444  ili93xx.o(i.LCD_Display_Dir)
    LCD_DrawLine                             0x0800111d   Thumb Code   176  ili93xx.o(i.LCD_DrawLine)
    LCD_DrawPoint                            0x080011cd   Thumb Code    28  ili93xx.o(i.LCD_DrawPoint)
    LCD_DrawRectangle                        0x080011f1   Thumb Code    60  ili93xx.o(i.LCD_DrawRectangle)
    LCD_Draw_Circle                          0x0800122d   Thumb Code   152  ili93xx.o(i.LCD_Draw_Circle)
    LCD_Fast_DrawPoint                       0x080012c5   Thumb Code   370  ili93xx.o(i.LCD_Fast_DrawPoint)
    LCD_Init                                 0x08001441   Thumb Code 14280  ili93xx.o(i.LCD_Init)
    LCD_Pow                                  0x08004c11   Thumb Code    22  ili93xx.o(i.LCD_Pow)
    LCD_RD_DATA                              0x08004c29   Thumb Code    14  ili93xx.o(i.LCD_RD_DATA)
    LCD_ReadReg                              0x08004c3d   Thumb Code    22  ili93xx.o(i.LCD_ReadReg)
    LCD_SSD_BackLightSet                     0x08004c55   Thumb Code    80  ili93xx.o(i.LCD_SSD_BackLightSet)
    LCD_Scan_Dir                             0x08004ca9   Thumb Code   744  ili93xx.o(i.LCD_Scan_Dir)
    LCD_SetCursor                            0x08004f95   Thumb Code   418  ili93xx.o(i.LCD_SetCursor)
    LCD_ShowChar                             0x0800513d   Thumb Code   272  ili93xx.o(i.LCD_ShowChar)
    LCD_ShowString                           0x08005265   Thumb Code   102  ili93xx.o(i.LCD_ShowString)
    LCD_ShowxNum                             0x080052cb   Thumb Code   190  ili93xx.o(i.LCD_ShowxNum)
    LCD_WR_DATA                              0x08005389   Thumb Code     6  ili93xx.o(i.LCD_WR_DATA)
    LCD_WR_REG                               0x08005395   Thumb Code     6  ili93xx.o(i.LCD_WR_REG)
    LCD_WriteRAM_Prepare                     0x080053a1   Thumb Code    10  ili93xx.o(i.LCD_WriteRAM_Prepare)
    LCD_WriteReg                             0x080053b5   Thumb Code    10  ili93xx.o(i.LCD_WriteReg)
    LED_Init                                 0x080053c5   Thumb Code   100  led.o(i.LED_Init)
    MPU_Get_Accelerometer                    0x08005435   Thumb Code    80  mpu6050.o(i.MPU_Get_Accelerometer)
    MPU_Get_Gyroscope                        0x08005485   Thumb Code    80  mpu6050.o(i.MPU_Get_Gyroscope)
    MPU_Get_Temperature                      0x080054d5   Thumb Code    86  mpu6050.o(i.MPU_Get_Temperature)
    MPU_IIC_Ack                              0x0800553d   Thumb Code    62  mpuiic.o(i.MPU_IIC_Ack)
    MPU_IIC_Delay                            0x08005589   Thumb Code    10  mpuiic.o(i.MPU_IIC_Delay)
    MPU_IIC_Init                             0x08005595   Thumb Code    52  mpuiic.o(i.MPU_IIC_Init)
    MPU_IIC_NAck                             0x080055d1   Thumb Code    62  mpuiic.o(i.MPU_IIC_NAck)
    MPU_IIC_Read_Byte                        0x0800561d   Thumb Code    94  mpuiic.o(i.MPU_IIC_Read_Byte)
    MPU_IIC_Send_Byte                        0x08005689   Thumb Code    80  mpuiic.o(i.MPU_IIC_Send_Byte)
    MPU_IIC_Start                            0x080056e5   Thumb Code    60  mpuiic.o(i.MPU_IIC_Start)
    MPU_IIC_Stop                             0x0800572d   Thumb Code    58  mpuiic.o(i.MPU_IIC_Stop)
    MPU_IIC_Wait_Ack                         0x08005775   Thumb Code    86  mpuiic.o(i.MPU_IIC_Wait_Ack)
    MPU_Init                                 0x080057d9   Thumb Code   168  mpu6050.o(i.MPU_Init)
    MPU_Read_Byte                            0x0800588d   Thumb Code    58  mpu6050.o(i.MPU_Read_Byte)
    MPU_Read_Len                             0x080058c7   Thumb Code   116  mpu6050.o(i.MPU_Read_Len)
    MPU_Set_Accel_Fsr                        0x0800593b   Thumb Code    16  mpu6050.o(i.MPU_Set_Accel_Fsr)
    MPU_Set_Gyro_Fsr                         0x0800594b   Thumb Code    16  mpu6050.o(i.MPU_Set_Gyro_Fsr)
    MPU_Set_LPF                              0x0800595b   Thumb Code    58  mpu6050.o(i.MPU_Set_LPF)
    MPU_Set_Rate                             0x08005995   Thumb Code    58  mpu6050.o(i.MPU_Set_Rate)
    MPU_Write_Byte                           0x080059cf   Thumb Code    68  mpu6050.o(i.MPU_Write_Byte)
    MPU_Write_Len                            0x08005a13   Thumb Code    96  mpu6050.o(i.MPU_Write_Len)
    MYRCC_DeInit                             0x08005a75   Thumb Code    90  sys.o(i.MYRCC_DeInit)
    MY_NVIC_Init                             0x08005add   Thumb Code   116  sys.o(i.MY_NVIC_Init)
    MY_NVIC_PriorityGroupConfig              0x08005b55   Thumb Code    32  sys.o(i.MY_NVIC_PriorityGroupConfig)
    MY_NVIC_SetVectorTable                   0x08005b7d   Thumb Code    12  sys.o(i.MY_NVIC_SetVectorTable)
    RTC_Get                                  0x08005b91   Thumb Code   242  rtc.o(i.RTC_Get)
    RTC_Get_Week                             0x08005c99   Thumb Code   116  rtc.o(i.RTC_Get_Week)
    RTC_IRQHandler                           0x08005d11   Thumb Code   104  rtc.o(i.RTC_IRQHandler)
    RTC_Init                                 0x08005da1   Thumb Code   370  rtc.o(i.RTC_Init)
    RTC_Set                                  0x08005f35   Thumb Code   246  rtc.o(i.RTC_Set)
    SDIO_IRQHandler                          0x08006049   Thumb Code     8  sdio_sdcard.o(i.SDIO_IRQHandler)
    SDIO_Send_Cmd                            0x08006051   Thumb Code    36  sdio_sdcard.o(i.SDIO_Send_Cmd)
    SD_ProcessIRQSrc                         0x08006079   Thumb Code   310  sdio_sdcard.o(i.SD_ProcessIRQSrc)
    Stm32_Clock_Init                         0x080061c1   Thumb Code   134  sys.o(i.Stm32_Clock_Init)
    TIM3_IRQHandler                          0x08006251   Thumb Code    40  timer.o(i.TIM3_IRQHandler)
    TIM4_IRQHandler                          0x08006281   Thumb Code    50  usmart.o(i.TIM4_IRQHandler)
    TIM5_IRQHandler                          0x080062bd   Thumb Code   182  timer.o(i.TIM5_IRQHandler)
    Timer4_Init                              0x08006381   Thumb Code    72  usmart.o(i.Timer4_Init)
    USART1_IRQHandler                        0x080063d1   Thumb Code   118  usart.o(i.USART1_IRQHandler)
    USART3_IRQHandler                        0x08006455   Thumb Code    96  usart3.o(i.USART3_IRQHandler)
    __ARM_fpclassify                         0x080064c5   Thumb Code    40  fpclassify.o(i.__ARM_fpclassify)
    __ieee754_rem_pio2                       0x080064ed   Thumb Code   828  rred.o(i.__ieee754_rem_pio2)
    __kernel_cos                             0x08006875   Thumb Code   230  cos_i.o(i.__kernel_cos)
    __kernel_poly                            0x08006971   Thumb Code   170  poly.o(i.__kernel_poly)
    __kernel_sin                             0x08006a1d   Thumb Code   224  sin_i.o(i.__kernel_sin)
    __mathlib_dbl_divzero                    0x08006b09   Thumb Code    12  dunder.o(i.__mathlib_dbl_divzero)
    __mathlib_dbl_infnan                     0x08006b19   Thumb Code     6  dunder.o(i.__mathlib_dbl_infnan)
    __mathlib_dbl_infnan2                    0x08006b1f   Thumb Code     4  dunder.o(i.__mathlib_dbl_infnan2)
    __mathlib_dbl_invalid                    0x08006b23   Thumb Code    12  dunder.o(i.__mathlib_dbl_invalid)
    __mathlib_dbl_overflow                   0x08006b2f   Thumb Code    14  dunder.o(i.__mathlib_dbl_overflow)
    __mathlib_dbl_underflow                  0x08006b3d   Thumb Code    10  dunder.o(i.__mathlib_dbl_underflow)
    _is_digit                                0x08006b4d   Thumb Code    14  __printf_wp.o(i._is_digit)
    _sys_exit                                0x08006b5b   Thumb Code     6  usart.o(i._sys_exit)
    asin                                     0x08006c09   Thumb Code   572  asin.o(i.asin)
    atan                                     0x08006e79   Thumb Code   474  atan.o(i.atan)
    atan2                                    0x08007099   Thumb Code   346  atan2.o(i.atan2)
    cos                                      0x08007219   Thumb Code   148  cos.o(i.cos)
    delay_init                               0x08007319   Thumb Code    56  delay.o(i.delay_init)
    delay_ms                                 0x08007359   Thumb Code    56  delay.o(i.delay_ms)
    delay_us                                 0x08007395   Thumb Code    56  delay.o(i.delay_us)
    dmp_enable_6x_lp_quat                    0x080073d1   Thumb Code    60  inv_mpu_dmp_motion_driver.o(i.dmp_enable_6x_lp_quat)
    dmp_enable_feature                       0x0800740d   Thumb Code   530  inv_mpu_dmp_motion_driver.o(i.dmp_enable_feature)
    dmp_enable_gyro_cal                      0x08007629   Thumb Code    62  inv_mpu_dmp_motion_driver.o(i.dmp_enable_gyro_cal)
    dmp_enable_lp_quat                       0x08007681   Thumb Code    60  inv_mpu_dmp_motion_driver.o(i.dmp_enable_lp_quat)
    dmp_load_motion_driver_firmware          0x080076bd   Thumb Code    20  inv_mpu_dmp_motion_driver.o(i.dmp_load_motion_driver_firmware)
    dmp_read_fifo                            0x080076d5   Thumb Code   456  inv_mpu_dmp_motion_driver.o(i.dmp_read_fifo)
    dmp_set_accel_bias                       0x080078a1   Thumb Code   300  inv_mpu_dmp_motion_driver.o(i.dmp_set_accel_bias)
    dmp_set_fifo_rate                        0x080079d1   Thumb Code    96  inv_mpu_dmp_motion_driver.o(i.dmp_set_fifo_rate)
    dmp_set_gyro_bias                        0x08007a41   Thumb Code   294  inv_mpu_dmp_motion_driver.o(i.dmp_set_gyro_bias)
    dmp_set_orientation                      0x08007b71   Thumb Code   290  inv_mpu_dmp_motion_driver.o(i.dmp_set_orientation)
    dmp_set_shake_reject_thresh              0x08007ca9   Thumb Code    56  inv_mpu_dmp_motion_driver.o(i.dmp_set_shake_reject_thresh)
    dmp_set_shake_reject_time                0x08007ce1   Thumb Code    38  inv_mpu_dmp_motion_driver.o(i.dmp_set_shake_reject_time)
    dmp_set_shake_reject_timeout             0x08007d07   Thumb Code    38  inv_mpu_dmp_motion_driver.o(i.dmp_set_shake_reject_timeout)
    dmp_set_tap_axes                         0x08007d2d   Thumb Code    70  inv_mpu_dmp_motion_driver.o(i.dmp_set_tap_axes)
    dmp_set_tap_count                        0x08007d73   Thumb Code    38  inv_mpu_dmp_motion_driver.o(i.dmp_set_tap_count)
    dmp_set_tap_thresh                       0x08007d99   Thumb Code   396  inv_mpu_dmp_motion_driver.o(i.dmp_set_tap_thresh)
    dmp_set_tap_time                         0x08007f39   Thumb Code    38  inv_mpu_dmp_motion_driver.o(i.dmp_set_tap_time)
    dmp_set_tap_time_multi                   0x08007f5f   Thumb Code    38  inv_mpu_dmp_motion_driver.o(i.dmp_set_tap_time_multi)
    dotline                                  0x08007f85   Thumb Code   174  ili93xx.o(i.dotline)
    fputc                                    0x08008039   Thumb Code    24  usart.o(i.fputc)
    gui_draw_bline1                          0x08008579   Thumb Code   358  ili93xx.o(i.gui_draw_bline1)
    gyro_circle_panel                        0x080086e1   Thumb Code  1334  ili93xx.o(i.gyro_circle_panel)
    gyro_circle_show                         0x08008c21   Thumb Code   214  ili93xx.o(i.gyro_circle_show)
    inv_orientation_matrix_to_scalar         0x08008e11   Thumb Code    40  inv_mpu.o(i.inv_orientation_matrix_to_scalar)
    inv_row_2_scale                          0x08008e39   Thumb Code    78  inv_mpu.o(i.inv_row_2_scale)
    main                                     0x08008e89   Thumb Code   714  main.o(i.main)
    mget_ms                                  0x08009195   Thumb Code     2  inv_mpu.o(i.mget_ms)
    mpu6050_send_data                        0x08009197   Thumb Code   110  niming.o(i.mpu6050_send_data)
    mpuDmpInit                               0x08009205   Thumb Code    70  niming.o(i.mpuDmpInit)
    mpu_configure_fifo                       0x08009281   Thumb Code   106  inv_mpu.o(i.mpu_configure_fifo)
    mpu_dmp_get_data                         0x080092f1   Thumb Code   544  inv_mpu.o(i.mpu_dmp_get_data)
    mpu_dmp_init                             0x08009515   Thumb Code   154  inv_mpu.o(i.mpu_dmp_init)
    mpu_get_accel_fsr                        0x080095b5   Thumb Code    72  inv_mpu.o(i.mpu_get_accel_fsr)
    mpu_get_accel_sens                       0x08009601   Thumb Code    78  inv_mpu.o(i.mpu_get_accel_sens)
    mpu_get_fifo_config                      0x08009655   Thumb Code    12  inv_mpu.o(i.mpu_get_fifo_config)
    mpu_get_gyro_fsr                         0x08009665   Thumb Code    64  inv_mpu.o(i.mpu_get_gyro_fsr)
    mpu_get_gyro_sens                        0x080096a9   Thumb Code    58  inv_mpu.o(i.mpu_get_gyro_sens)
    mpu_get_lpf                              0x080096f9   Thumb Code    74  inv_mpu.o(i.mpu_get_lpf)
    mpu_get_sample_rate                      0x08009749   Thumb Code    26  inv_mpu.o(i.mpu_get_sample_rate)
    mpu_init                                 0x08009769   Thumb Code   416  inv_mpu.o(i.mpu_init)
    mpu_load_firmware                        0x08009959   Thumb Code   180  inv_mpu.o(i.mpu_load_firmware)
    mpu_lp_accel_mode                        0x08009a11   Thumb Code   218  inv_mpu.o(i.mpu_lp_accel_mode)
    mpu_read_fifo_stream                     0x08009af1   Thumb Code   186  inv_mpu.o(i.mpu_read_fifo_stream)
    mpu_read_mem                             0x08009bb1   Thumb Code   122  inv_mpu.o(i.mpu_read_mem)
    mpu_reset_fifo                           0x08009c31   Thumb Code   450  inv_mpu.o(i.mpu_reset_fifo)
    mpu_run_self_test                        0x08009df9   Thumb Code   278  inv_mpu.o(i.mpu_run_self_test)
    mpu_set_accel_fsr                        0x08009f15   Thumb Code   126  inv_mpu.o(i.mpu_set_accel_fsr)
    mpu_set_bypass                           0x08009f99   Thumb Code   328  inv_mpu.o(i.mpu_set_bypass)
    mpu_set_dmp_state                        0x0800a0e5   Thumb Code   138  inv_mpu.o(i.mpu_set_dmp_state)
    mpu_set_gyro_fsr                         0x0800a175   Thumb Code   132  inv_mpu.o(i.mpu_set_gyro_fsr)
    mpu_set_int_latched                      0x0800a1fd   Thumb Code   102  inv_mpu.o(i.mpu_set_int_latched)
    mpu_set_lpf                              0x0800a269   Thumb Code   126  inv_mpu.o(i.mpu_set_lpf)
    mpu_set_sample_rate                      0x0800a2ed   Thumb Code   152  inv_mpu.o(i.mpu_set_sample_rate)
    mpu_set_sensors                          0x0800a389   Thumb Code   202  inv_mpu.o(i.mpu_set_sensors)
    mpu_write_mem                            0x0800a459   Thumb Code   122  inv_mpu.o(i.mpu_write_mem)
    pow                                      0x0800a4d9   Thumb Code  2478  pow.o(i.pow)
    prints                                   0x0800ae91   Thumb Code    66  niming.o(i.prints)
    read_addr                                0x0800aed9   Thumb Code     6  usmart.o(i.read_addr)
    recordAcxyzMax                           0x0800aee1   Thumb Code   514  niming.o(i.recordAcxyzMax)
    run_self_test                            0x0800b0fd   Thumb Code   148  inv_mpu.o(i.run_self_test)
    showClockNum                             0x0800b221   Thumb Code   152  niming.o(i.showClockNum)
    showNumtxyzrpy                           0x0800b2b9   Thumb Code   826  niming.o(i.showNumtxyzrpy)
    showXandY                                0x0800b5f5   Thumb Code   162  ili93xx.o(i.showXandY)
    showprylineupdate                        0x0800b6a1   Thumb Code  5242  ili93xx.o(i.showprylineupdate)
    showxylinepo                             0x0800cb31   Thumb Code   264  ili93xx.o(i.showxylinepo)
    showxyupdatepo                           0x0800cc3d   Thumb Code   140  ili93xx.o(i.showxyupdatepo)
    showzupdate                              0x0800cccd   Thumb Code    96  ili93xx.o(i.showzupdate)
    sin                                      0x0800cd35   Thumb Code   150  sin.o(i.sin)
    sqrt                                     0x0800cdd5   Thumb Code    76  sqrt.o(i.sqrt)
    uart_init                                0x0800ce21   Thumb Code   202  usart.o(i.uart_init)
    updateScaleLine                          0x0800cefd   Thumb Code   230  niming.o(i.updateScaleLine)
    usart1_niming_report                     0x0800cff5   Thumb Code   120  niming.o(i.usart1_niming_report)
    usart1_report_imu                        0x0800d06d   Thumb Code   192  niming.o(i.usart1_report_imu)
    usart1_send_char                         0x0800d12d   Thumb Code    22  niming.o(i.usart1_send_char)
    usmart_cmd_rec                           0x0800d149   Thumb Code   170  usmart.o(i.usmart_cmd_rec)
    usmart_exe                               0x0800d1f9   Thumb Code   632  usmart.o(i.usmart_exe)
    usmart_get_aparm                         0x0800d4cd   Thumb Code   212  usmart_str.o(i.usmart_get_aparm)
    usmart_get_cmdname                       0x0800d5a1   Thumb Code    54  usmart_str.o(i.usmart_get_cmdname)
    usmart_get_fname                         0x0800d5d9   Thumb Code   440  usmart_str.o(i.usmart_get_fname)
    usmart_get_fparam                        0x0800d799   Thumb Code   262  usmart_str.o(i.usmart_get_fparam)
    usmart_get_parmpos                       0x0800d8a5   Thumb Code    26  usmart_str.o(i.usmart_get_parmpos)
    usmart_get_runtime                       0x0800d8c5   Thumb Code    56  usmart.o(i.usmart_get_runtime)
    usmart_init                              0x0800d905   Thumb Code    36  usmart.o(i.usmart_init)
    usmart_pow                               0x0800d92d   Thumb Code    22  usmart_str.o(i.usmart_pow)
    usmart_reset_runtime                     0x0800d945   Thumb Code    38  usmart.o(i.usmart_reset_runtime)
    usmart_scan                              0x0800d975   Thumb Code   120  usmart.o(i.usmart_scan)
    usmart_search_nextc                      0x0800da31   Thumb Code    22  usmart_str.o(i.usmart_search_nextc)
    usmart_str2num                           0x0800da47   Thumb Code   262  usmart_str.o(i.usmart_str2num)
    usmart_strcmp                            0x0800db4d   Thumb Code    34  usmart_str.o(i.usmart_strcmp)
    usmart_strcopy                           0x0800db6f   Thumb Code    22  usmart_str.o(i.usmart_strcopy)
    usmart_strlen                            0x0800db85   Thumb Code    24  usmart_str.o(i.usmart_strlen)
    usmart_sys_cmd_exe                       0x0800db9d   Thumb Code  1570  usmart.o(i.usmart_sys_cmd_exe)
    windowfilterAx                           0x0800e291   Thumb Code   106  niming.o(i.windowfilterAx)
    windowfilterAy                           0x0800e305   Thumb Code   106  niming.o(i.windowfilterAy)
    windowfilterAz                           0x0800e379   Thumb Code   106  niming.o(i.windowfilterAz)
    windowfilterT                            0x0800e3ed   Thumb Code   106  niming.o(i.windowfilterT)
    write_addr                               0x0800e461   Thumb Code     4  usmart.o(i.write_addr)
    __aeabi_d2f                              0x0800e465   Thumb Code     0  d2f.o(x$fpl$d2f)
    _d2f                                     0x0800e465   Thumb Code    98  d2f.o(x$fpl$d2f)
    __aeabi_dadd                             0x0800e4c9   Thumb Code     0  daddsub_clz.o(x$fpl$dadd)
    _dadd                                    0x0800e4c9   Thumb Code   332  daddsub_clz.o(x$fpl$dadd)
    __fpl_dcheck_NaN1                        0x0800e619   Thumb Code    10  dcheck1.o(x$fpl$dcheck1)
    __fpl_dcmp_Inf                           0x0800e629   Thumb Code    24  dcmpi.o(x$fpl$dcmpinf)
    __aeabi_ddiv                             0x0800e641   Thumb Code     0  ddiv.o(x$fpl$ddiv)
    _ddiv                                    0x0800e641   Thumb Code   552  ddiv.o(x$fpl$ddiv)
    __aeabi_d2iz                             0x0800e8f1   Thumb Code     0  dfix.o(x$fpl$dfix)
    _dfix                                    0x0800e8f1   Thumb Code    94  dfix.o(x$fpl$dfix)
    __aeabi_d2uiz                            0x0800e951   Thumb Code     0  dfixu.o(x$fpl$dfixu)
    _dfixu                                   0x0800e951   Thumb Code    90  dfixu.o(x$fpl$dfixu)
    __aeabi_i2d                              0x0800e9ab   Thumb Code     0  dflt_clz.o(x$fpl$dflt)
    _dflt                                    0x0800e9ab   Thumb Code    46  dflt_clz.o(x$fpl$dflt)
    __aeabi_ui2d                             0x0800e9d9   Thumb Code     0  dflt_clz.o(x$fpl$dfltu)
    _dfltu                                   0x0800e9d9   Thumb Code    38  dflt_clz.o(x$fpl$dfltu)
    __aeabi_cdcmple                          0x0800ea01   Thumb Code     0  dleqf.o(x$fpl$dleqf)
    _dcmple                                  0x0800ea01   Thumb Code   120  dleqf.o(x$fpl$dleqf)
    __fpl_dcmple_InfNaN                      0x0800ea63   Thumb Code     0  dleqf.o(x$fpl$dleqf)
    __aeabi_dmul                             0x0800ea79   Thumb Code     0  dmul.o(x$fpl$dmul)
    _dmul                                    0x0800ea79   Thumb Code   332  dmul.o(x$fpl$dmul)
    __fpl_dnaninf                            0x0800ebcd   Thumb Code   156  dnaninf.o(x$fpl$dnaninf)
    __fpl_dretinf                            0x0800ec69   Thumb Code    12  dretinf.o(x$fpl$dretinf)
    __aeabi_cdrcmple                         0x0800ec75   Thumb Code     0  drleqf.o(x$fpl$drleqf)
    _drcmple                                 0x0800ec75   Thumb Code   108  drleqf.o(x$fpl$drleqf)
    __aeabi_drsub                            0x0800ece1   Thumb Code     0  daddsub_clz.o(x$fpl$drsb)
    _drsb                                    0x0800ece1   Thumb Code    22  daddsub_clz.o(x$fpl$drsb)
    _dsqrt                                   0x0800ecf9   Thumb Code   456  dsqrt_noumaal.o(x$fpl$dsqrt)
    __aeabi_dsub                             0x0800eec5   Thumb Code     0  daddsub_clz.o(x$fpl$dsub)
    _dsub                                    0x0800eec5   Thumb Code   464  daddsub_clz.o(x$fpl$dsub)
    __aeabi_f2d                              0x0800f099   Thumb Code     0  f2d.o(x$fpl$f2d)
    _f2d                                     0x0800f099   Thumb Code    86  f2d.o(x$fpl$f2d)
    __aeabi_fadd                             0x0800f0f1   Thumb Code     0  faddsub_clz.o(x$fpl$fadd)
    _fadd                                    0x0800f0f1   Thumb Code   196  faddsub_clz.o(x$fpl$fadd)
    __fpl_fcmp_Inf                           0x0800f1b5   Thumb Code    24  fcmpi.o(x$fpl$fcmpinf)
    __aeabi_fdiv                             0x0800f1cd   Thumb Code     0  fdiv.o(x$fpl$fdiv)
    _fdiv                                    0x0800f1cd   Thumb Code   384  fdiv.o(x$fpl$fdiv)
    __aeabi_cfcmpeq                          0x0800f351   Thumb Code     0  feqf.o(x$fpl$feqf)
    _fcmpeq                                  0x0800f351   Thumb Code   104  feqf.o(x$fpl$feqf)
    __aeabi_f2iz                             0x0800f3b9   Thumb Code     0  ffix.o(x$fpl$ffix)
    _ffix                                    0x0800f3b9   Thumb Code    54  ffix.o(x$fpl$ffix)
    __aeabi_f2uiz                            0x0800f3f1   Thumb Code     0  ffixu.o(x$fpl$ffixu)
    _ffixu                                   0x0800f3f1   Thumb Code    62  ffixu.o(x$fpl$ffixu)
    __aeabi_i2f                              0x0800f431   Thumb Code     0  fflt_clz.o(x$fpl$fflt)
    _fflt                                    0x0800f431   Thumb Code    48  fflt_clz.o(x$fpl$fflt)
    __aeabi_ui2f                             0x0800f461   Thumb Code     0  fflt_clz.o(x$fpl$ffltu)
    _ffltu                                   0x0800f461   Thumb Code    38  fflt_clz.o(x$fpl$ffltu)
    __aeabi_cfcmple                          0x0800f489   Thumb Code     0  fleqf.o(x$fpl$fleqf)
    _fcmple                                  0x0800f489   Thumb Code   104  fleqf.o(x$fpl$fleqf)
    __fpl_fcmple_InfNaN                      0x0800f4db   Thumb Code     0  fleqf.o(x$fpl$fleqf)
    __aeabi_fmul                             0x0800f4f1   Thumb Code     0  fmul.o(x$fpl$fmul)
    _fmul                                    0x0800f4f1   Thumb Code   258  fmul.o(x$fpl$fmul)
    __fpl_fnaninf                            0x0800f5f3   Thumb Code   140  fnaninf.o(x$fpl$fnaninf)
    __fpl_fretinf                            0x0800f67f   Thumb Code    10  fretinf.o(x$fpl$fretinf)
    __aeabi_cfrcmple                         0x0800f689   Thumb Code     0  frleqf.o(x$fpl$frleqf)
    _frcmple                                 0x0800f689   Thumb Code    98  frleqf.o(x$fpl$frleqf)
    __aeabi_frsub                            0x0800f6eb   Thumb Code     0  faddsub_clz.o(x$fpl$frsb)
    _frsb                                    0x0800f6eb   Thumb Code    20  faddsub_clz.o(x$fpl$frsb)
    __aeabi_fsub                             0x0800f701   Thumb Code     0  faddsub_clz.o(x$fpl$fsub)
    _fsub                                    0x0800f701   Thumb Code   234  faddsub_clz.o(x$fpl$fsub)
    __fpl_return_NaN                         0x0800f7eb   Thumb Code   100  retnan.o(x$fpl$retnan)
    __ARM_scalbn                             0x0800f84f   Thumb Code    92  scalbn.o(x$fpl$scalbn)
    __fpl_cmpreturn                          0x0800f8ab   Thumb Code    48  trapv.o(x$fpl$trapveneer)
    __I$use$fp                               0x0800f8da   Number         0  usenofp.o(x$fpl$usenofp)
    asc2_1206                                0x0800f8da   Data        1140  ili93xx.o(.constdata)
    asc2_1608                                0x0800fd4e   Data        1520  ili93xx.o(.constdata)
    asc2_2412                                0x0801033e   Data        3420  ili93xx.o(.constdata)
    reg                                      0x0801109c   Data          27  inv_mpu.o(.constdata)
    hw                                       0x080110b8   Data          12  inv_mpu.o(.constdata)
    test                                     0x080110c4   Data          40  inv_mpu.o(.constdata)
    table_week                               0x08011ce2   Data          12  rtc.o(.constdata)
    mon_table                                0x08011cee   Data          12  rtc.o(.constdata)
    __mathlib_zero                           0x08011ed8   Data           8  qnan.o(.constdata)
    Region$$Table$$Base                      0x08012114   Number         0  anon$$obj.o(Region$$Table)
    Region$$Table$$Limit                     0x08012134   Number         0  anon$$obj.o(Region$$Table)
    __stdout                                 0x20000004   Data           4  usart.o(.data)
    USART_RX_STA                             0x20000008   Data           2  usart.o(.data)
    POINT_COLOR                              0x2000000a   Data           2  ili93xx.o(.data)
    BACK_COLOR                               0x2000000c   Data           2  ili93xx.o(.data)
    USART3_RX_STA                            0x20000084   Data           2  usart3.o(.data)
    TIM5CH1_CAPTURE_STA                      0x20000086   Data           1  timer.o(.data)
    TIM5CH1_CAPTURE_VAL                      0x20000088   Data           2  timer.o(.data)
    TransferError                            0x20000096   Data           1  sdio_sdcard.o(.data)
    TransferEnd                              0x20000097   Data           1  sdio_sdcard.o(.data)
    tempbuff                                 0x20000098   Data           4  sdio_sdcard.o(.data)
    sys_cmd_tab                              0x2000009c   Data          28  usmart.o(.data)
    usmart_nametab                           0x200000b8   Data          56  usmart_config.o(.data)
    usmart_dev                               0x200000f0   Data         244  usmart_config.o(.data)
    USART_RX_BUF                             0x200001e4   Data         200  usart.o(.bss)
    lcddev                                   0x200002ac   Data          14  ili93xx.o(.bss)
    calendar                                 0x200002cc   Data          10  rtc.o(.bss)
    USART3_RX_BUF                            0x20000416   Data         800  usart3.o(.bss)
    USART3_TX_BUF                            0x20000736   Data         800  usart3.o(.bss)
    __libspace_start                         0x20000a58   Data          96  libspace.o(.bss)
    __temporary_stack_top$libspace           0x20000ab8   Data           0  libspace.o(.bss)
    mem2base                                 0x68000000   Data       983040  malloc.o(.ARM.__AT_0x68000000)
    mem2mapbase                              0x680f0000   Data       61440  malloc.o(.ARM.__AT_0x680F0000)



==============================================================================

Memory Map of the image

  Image Entry point : 0x08000131

  Load Region LR_IROM1 (Base: 0x08000000, Size: 0x00012318, Max: 0x00080000, ABSOLUTE, COMPRESSED[0x000121ac])

    Execution Region ER_IROM1 (Base: 0x08000000, Size: 0x00012134, Max: 0x00080000, ABSOLUTE)

    Base Addr    Size         Type   Attr      Idx    E Section Name        Object

    0x08000000   0x00000130   Data   RO            3    RESET               startup_stm32f10x_hd.o
    0x08000130   0x00000008   Code   RO         3355  * !!!main             c_w.l(__main.o)
    0x08000138   0x00000034   Code   RO         3821    !!!scatter          c_w.l(__scatter.o)
    0x0800016c   0x0000005a   Code   RO         3819    !!dczerorl2         c_w.l(__dczerorl2.o)
    0x080001c6   0x00000002   PAD
    0x080001c8   0x0000001c   Code   RO         3823    !!handler_zi        c_w.l(__scatter_zi.o)
    0x080001e4   0x00000000   Code   RO         3336    .ARM.Collect$$_printf_percent$$00000000  c_w.l(_printf_percent.o)
    0x080001e4   0x00000006   Code   RO         3334    .ARM.Collect$$_printf_percent$$00000009  c_w.l(_printf_d.o)
    0x080001ea   0x00000006   Code   RO         3335    .ARM.Collect$$_printf_percent$$0000000A  c_w.l(_printf_u.o)
    0x080001f0   0x00000006   Code   RO         3333    .ARM.Collect$$_printf_percent$$0000000C  c_w.l(_printf_x.o)
    0x080001f6   0x00000006   Code   RO         3331    .ARM.Collect$$_printf_percent$$00000013  c_w.l(_printf_c.o)
    0x080001fc   0x00000006   Code   RO         3332    .ARM.Collect$$_printf_percent$$00000014  c_w.l(_printf_s.o)
    0x08000202   0x00000004   Code   RO         3515    .ARM.Collect$$_printf_percent$$00000017  c_w.l(_printf_percent_end.o)
    0x08000206   0x00000002   Code   RO         3684    .ARM.Collect$$libinit$$00000000  c_w.l(libinit.o)
    0x08000208   0x00000000   Code   RO         3699    .ARM.Collect$$libinit$$00000002  c_w.l(libinit2.o)
    0x08000208   0x00000000   Code   RO         3701    .ARM.Collect$$libinit$$00000004  c_w.l(libinit2.o)
    0x08000208   0x00000000   Code   RO         3704    .ARM.Collect$$libinit$$0000000A  c_w.l(libinit2.o)
    0x08000208   0x00000000   Code   RO         3706    .ARM.Collect$$libinit$$0000000C  c_w.l(libinit2.o)
    0x08000208   0x00000000   Code   RO         3708    .ARM.Collect$$libinit$$0000000E  c_w.l(libinit2.o)
    0x08000208   0x00000000   Code   RO         3711    .ARM.Collect$$libinit$$00000011  c_w.l(libinit2.o)
    0x08000208   0x00000000   Code   RO         3713    .ARM.Collect$$libinit$$00000013  c_w.l(libinit2.o)
    0x08000208   0x00000000   Code   RO         3715    .ARM.Collect$$libinit$$00000015  c_w.l(libinit2.o)
    0x08000208   0x00000000   Code   RO         3717    .ARM.Collect$$libinit$$00000017  c_w.l(libinit2.o)
    0x08000208   0x00000000   Code   RO         3719    .ARM.Collect$$libinit$$00000019  c_w.l(libinit2.o)
    0x08000208   0x00000000   Code   RO         3721    .ARM.Collect$$libinit$$0000001B  c_w.l(libinit2.o)
    0x08000208   0x00000000   Code   RO         3723    .ARM.Collect$$libinit$$0000001D  c_w.l(libinit2.o)
    0x08000208   0x00000000   Code   RO         3725    .ARM.Collect$$libinit$$0000001F  c_w.l(libinit2.o)
    0x08000208   0x00000000   Code   RO         3727    .ARM.Collect$$libinit$$00000021  c_w.l(libinit2.o)
    0x08000208   0x00000000   Code   RO         3729    .ARM.Collect$$libinit$$00000023  c_w.l(libinit2.o)
    0x08000208   0x00000000   Code   RO         3731    .ARM.Collect$$libinit$$00000025  c_w.l(libinit2.o)
    0x08000208   0x00000000   Code   RO         3735    .ARM.Collect$$libinit$$0000002C  c_w.l(libinit2.o)
    0x08000208   0x00000000   Code   RO         3737    .ARM.Collect$$libinit$$0000002E  c_w.l(libinit2.o)
    0x08000208   0x00000000   Code   RO         3739    .ARM.Collect$$libinit$$00000030  c_w.l(libinit2.o)
    0x08000208   0x00000000   Code   RO         3741    .ARM.Collect$$libinit$$00000032  c_w.l(libinit2.o)
    0x08000208   0x00000002   Code   RO         3742    .ARM.Collect$$libinit$$00000033  c_w.l(libinit2.o)
    0x0800020a   0x00000002   Code   RO         3772    .ARM.Collect$$libshutdown$$00000000  c_w.l(libshutdown.o)
    0x0800020c   0x00000000   Code   RO         3787    .ARM.Collect$$libshutdown$$00000003  c_w.l(libshutdown2.o)
    0x0800020c   0x00000000   Code   RO         3790    .ARM.Collect$$libshutdown$$00000006  c_w.l(libshutdown2.o)
    0x0800020c   0x00000000   Code   RO         3793    .ARM.Collect$$libshutdown$$00000009  c_w.l(libshutdown2.o)
    0x0800020c   0x00000000   Code   RO         3795    .ARM.Collect$$libshutdown$$0000000B  c_w.l(libshutdown2.o)
    0x0800020c   0x00000000   Code   RO         3798    .ARM.Collect$$libshutdown$$0000000E  c_w.l(libshutdown2.o)
    0x0800020c   0x00000002   Code   RO         3799    .ARM.Collect$$libshutdown$$0000000F  c_w.l(libshutdown2.o)
    0x0800020e   0x00000000   Code   RO         3477    .ARM.Collect$$rtentry$$00000000  c_w.l(__rtentry.o)
    0x0800020e   0x00000000   Code   RO         3592    .ARM.Collect$$rtentry$$00000002  c_w.l(__rtentry2.o)
    0x0800020e   0x00000006   Code   RO         3604    .ARM.Collect$$rtentry$$00000004  c_w.l(__rtentry4.o)
    0x08000214   0x00000000   Code   RO         3594    .ARM.Collect$$rtentry$$00000009  c_w.l(__rtentry2.o)
    0x08000214   0x00000004   Code   RO         3595    .ARM.Collect$$rtentry$$0000000A  c_w.l(__rtentry2.o)
    0x08000218   0x00000000   Code   RO         3597    .ARM.Collect$$rtentry$$0000000C  c_w.l(__rtentry2.o)
    0x08000218   0x00000008   Code   RO         3598    .ARM.Collect$$rtentry$$0000000D  c_w.l(__rtentry2.o)
    0x08000220   0x00000002   Code   RO         3689    .ARM.Collect$$rtexit$$00000000  c_w.l(rtexit.o)
    0x08000222   0x00000000   Code   RO         3746    .ARM.Collect$$rtexit$$00000002  c_w.l(rtexit2.o)
    0x08000222   0x00000004   Code   RO         3747    .ARM.Collect$$rtexit$$00000003  c_w.l(rtexit2.o)
    0x08000226   0x00000006   Code   RO         3748    .ARM.Collect$$rtexit$$00000004  c_w.l(rtexit2.o)
    0x0800022c   0x00000034   Code   RO            4    .text               startup_stm32f10x_hd.o
    0x08000260   0x00000002   Code   RO         3268    .text               c_w.l(use_no_semi_2.o)
    0x08000262   0x00000048   Code   RO         3270    .text               c_w.l(llsdiv.o)
    0x080002aa   0x00000002   PAD
    0x080002ac   0x00000018   Code   RO         3274    .text               c_w.l(__2printf.o)
    0x080002c4   0x0000004e   Code   RO         3284    .text               c_w.l(_printf_pad.o)
    0x08000312   0x00000052   Code   RO         3286    .text               c_w.l(_printf_str.o)
    0x08000364   0x00000078   Code   RO         3288    .text               c_w.l(_printf_dec.o)
    0x080003dc   0x00000094   Code   RO         3308    .text               c_w.l(_printf_hex_int_ll_ptr.o)
    0x08000470   0x00000188   Code   RO         3328    .text               c_w.l(__printf_flags_ss_wp.o)
    0x080005f8   0x00000058   Code   RO         3339    .text               c_w.l(memcmp.o)
    0x08000650   0x00000010   Code   RO         3349    .text               c_w.l(aeabi_memset.o)
    0x08000660   0x00000006   Code   RO         3353    .text               c_w.l(heapauxi.o)
    0x08000666   0x00000002   Code   RO         3475    .text               c_w.l(use_no_semi.o)
    0x08000668   0x000000ee   Code   RO         3478    .text               c_w.l(lludivv7m.o)
    0x08000756   0x00000016   Code   RO         3480    .text               c_w.l(_rserrno.o)
    0x0800076c   0x000000b2   Code   RO         3484    .text               c_w.l(_printf_intcommon.o)
    0x0800081e   0x00000002   PAD
    0x08000820   0x00000030   Code   RO         3488    .text               c_w.l(_printf_char_common.o)
    0x08000850   0x0000002c   Code   RO         3492    .text               c_w.l(_printf_char.o)
    0x0800087c   0x00000024   Code   RO         3494    .text               c_w.l(_printf_char_file.o)
    0x080008a0   0x00000044   Code   RO         3527    .text               c_w.l(rt_memclr.o)
    0x080008e4   0x00000008   Code   RO         3613    .text               c_w.l(rt_errno_addr_intlibspace.o)
    0x080008ec   0x00000008   Code   RO         3623    .text               c_w.l(ferror.o)
    0x080008f4   0x0000004e   Code   RO         3629    .text               c_w.l(rt_memclr_w.o)
    0x08000942   0x00000002   PAD
    0x08000944   0x00000008   Code   RO         3633    .text               c_w.l(libspace.o)
    0x0800094c   0x0000004a   Code   RO         3636    .text               c_w.l(sys_stackheap_outer.o)
    0x08000996   0x0000000c   Code   RO         3677    .text               c_w.l(exit.o)
    0x080009a2   0x00000002   PAD
    0x080009a4   0x00000058   Code   RO         2014    i.CmdResp1Error     sdio_sdcard.o
    0x080009fc   0x00000378   Code   RO         1306    i.Init              niming.o
    0x08000d74   0x0000003a   Code   RO         1250    i.Is_Leap_Year      rtc.o
    0x08000dae   0x00000002   PAD
    0x08000db0   0x00000030   Code   RO          172    i.JTAG_Set          sys.o
    0x08000de0   0x0000006c   Code   RO          583    i.KEY_Init          key.o
    0x08000e4c   0x000000a4   Code   RO          584    i.KEY_Scan          key.o
    0x08000ef0   0x0000006c   Code   RO          304    i.LCD_Clear         ili93xx.o
    0x08000f5c   0x000001c0   Code   RO          308    i.LCD_Display_Dir   ili93xx.o
    0x0800111c   0x000000b0   Code   RO          309    i.LCD_DrawLine      ili93xx.o
    0x080011cc   0x00000024   Code   RO          310    i.LCD_DrawPoint     ili93xx.o
    0x080011f0   0x0000003c   Code   RO          311    i.LCD_DrawRectangle  ili93xx.o
    0x0800122c   0x00000098   Code   RO          312    i.LCD_Draw_Circle   ili93xx.o
    0x080012c4   0x0000017c   Code   RO          313    i.LCD_Fast_DrawPoint  ili93xx.o
    0x08001440   0x000037d0   Code   RO          315    i.LCD_Init          ili93xx.o
    0x08004c10   0x00000016   Code   RO          316    i.LCD_Pow           ili93xx.o
    0x08004c26   0x00000002   PAD
    0x08004c28   0x00000014   Code   RO          317    i.LCD_RD_DATA       ili93xx.o
    0x08004c3c   0x00000016   Code   RO          319    i.LCD_ReadReg       ili93xx.o
    0x08004c52   0x00000002   PAD
    0x08004c54   0x00000054   Code   RO          320    i.LCD_SSD_BackLightSet  ili93xx.o
    0x08004ca8   0x000002ec   Code   RO          321    i.LCD_Scan_Dir      ili93xx.o
    0x08004f94   0x000001a8   Code   RO          322    i.LCD_SetCursor     ili93xx.o
    0x0800513c   0x00000128   Code   RO          324    i.LCD_ShowChar      ili93xx.o
    0x08005264   0x00000066   Code   RO          326    i.LCD_ShowString    ili93xx.o
    0x080052ca   0x000000be   Code   RO          327    i.LCD_ShowxNum      ili93xx.o
    0x08005388   0x0000000c   Code   RO          328    i.LCD_WR_DATA       ili93xx.o
    0x08005394   0x0000000c   Code   RO          329    i.LCD_WR_REG        ili93xx.o
    0x080053a0   0x00000014   Code   RO          331    i.LCD_WriteRAM_Prepare  ili93xx.o
    0x080053b4   0x00000010   Code   RO          332    i.LCD_WriteReg      ili93xx.o
    0x080053c4   0x00000070   Code   RO          291    i.LED_Init          led.o
    0x08005434   0x00000050   Code   RO          662    i.MPU_Get_Accelerometer  mpu6050.o
    0x08005484   0x00000050   Code   RO          663    i.MPU_Get_Gyroscope  mpu6050.o
    0x080054d4   0x00000068   Code   RO          664    i.MPU_Get_Temperature  mpu6050.o
    0x0800553c   0x0000004c   Code   RO          602    i.MPU_IIC_Ack       mpuiic.o
    0x08005588   0x0000000a   Code   RO          603    i.MPU_IIC_Delay     mpuiic.o
    0x08005592   0x00000002   PAD
    0x08005594   0x0000003c   Code   RO          604    i.MPU_IIC_Init      mpuiic.o
    0x080055d0   0x0000004c   Code   RO          605    i.MPU_IIC_NAck      mpuiic.o
    0x0800561c   0x0000006c   Code   RO          606    i.MPU_IIC_Read_Byte  mpuiic.o
    0x08005688   0x0000005c   Code   RO          607    i.MPU_IIC_Send_Byte  mpuiic.o
    0x080056e4   0x00000048   Code   RO          608    i.MPU_IIC_Start     mpuiic.o
    0x0800572c   0x00000048   Code   RO          609    i.MPU_IIC_Stop      mpuiic.o
    0x08005774   0x00000064   Code   RO          610    i.MPU_IIC_Wait_Ack  mpuiic.o
    0x080057d8   0x000000b4   Code   RO          665    i.MPU_Init          mpu6050.o
    0x0800588c   0x0000003a   Code   RO          666    i.MPU_Read_Byte     mpu6050.o
    0x080058c6   0x00000074   Code   RO          667    i.MPU_Read_Len      mpu6050.o
    0x0800593a   0x00000010   Code   RO          668    i.MPU_Set_Accel_Fsr  mpu6050.o
    0x0800594a   0x00000010   Code   RO          669    i.MPU_Set_Gyro_Fsr  mpu6050.o
    0x0800595a   0x0000003a   Code   RO          670    i.MPU_Set_LPF       mpu6050.o
    0x08005994   0x0000003a   Code   RO          671    i.MPU_Set_Rate      mpu6050.o
    0x080059ce   0x00000044   Code   RO          672    i.MPU_Write_Byte    mpu6050.o
    0x08005a12   0x00000060   Code   RO          673    i.MPU_Write_Len     mpu6050.o
    0x08005a72   0x00000002   PAD
    0x08005a74   0x00000068   Code   RO          173    i.MYRCC_DeInit      sys.o
    0x08005adc   0x00000078   Code   RO          174    i.MY_NVIC_Init      sys.o
    0x08005b54   0x00000028   Code   RO          175    i.MY_NVIC_PriorityGroupConfig  sys.o
    0x08005b7c   0x00000014   Code   RO          176    i.MY_NVIC_SetVectorTable  sys.o
    0x08005b90   0x00000108   Code   RO         1252    i.RTC_Get           rtc.o
    0x08005c98   0x00000078   Code   RO         1253    i.RTC_Get_Week      rtc.o
    0x08005d10   0x00000090   Code   RO         1254    i.RTC_IRQHandler    rtc.o
    0x08005da0   0x00000194   Code   RO         1255    i.RTC_Init          rtc.o
    0x08005f34   0x00000114   Code   RO         1256    i.RTC_Set           rtc.o
    0x08006048   0x00000008   Code   RO         2023    i.SDIO_IRQHandler   sdio_sdcard.o
    0x08006050   0x00000028   Code   RO         2024    i.SDIO_Send_Cmd     sdio_sdcard.o
    0x08006078   0x00000148   Code   RO         2034    i.SD_ProcessIRQSrc  sdio_sdcard.o
    0x080061c0   0x00000090   Code   RO          177    i.Stm32_Clock_Init  sys.o
    0x08006250   0x00000030   Code   RO         1446    i.TIM3_IRQHandler   timer.o
    0x08006280   0x0000003c   Code   RO         2225    i.TIM4_IRQHandler   usmart.o
    0x080062bc   0x000000c4   Code   RO         1450    i.TIM5_IRQHandler   timer.o
    0x08006380   0x00000050   Code   RO         2226    i.Timer4_Init       usmart.o
    0x080063d0   0x00000084   Code   RO          250    i.USART1_IRQHandler  usart.o
    0x08006454   0x00000070   Code   RO         1404    i.USART3_IRQHandler  usart3.o
    0x080064c4   0x00000028   Code   RO         3575    i.__ARM_fpclassify  m_ws.l(fpclassify.o)
    0x080064ec   0x00000388   Code   RO         3580    i.__ieee754_rem_pio2  m_ws.l(rred.o)
    0x08006874   0x000000fc   Code   RO         3558    i.__kernel_cos      m_ws.l(cos_i.o)
    0x08006970   0x000000aa   Code   RO         3577    i.__kernel_poly     m_ws.l(poly.o)
    0x08006a1a   0x00000002   PAD
    0x08006a1c   0x000000ec   Code   RO         3585    i.__kernel_sin      m_ws.l(sin_i.o)
    0x08006b08   0x00000010   Code   RO         3561    i.__mathlib_dbl_divzero  m_ws.l(dunder.o)
    0x08006b18   0x00000006   Code   RO         3562    i.__mathlib_dbl_infnan  m_ws.l(dunder.o)
    0x08006b1e   0x00000004   Code   RO         3563    i.__mathlib_dbl_infnan2  m_ws.l(dunder.o)
    0x08006b22   0x0000000c   Code   RO         3564    i.__mathlib_dbl_invalid  m_ws.l(dunder.o)
    0x08006b2e   0x0000000e   Code   RO         3565    i.__mathlib_dbl_overflow  m_ws.l(dunder.o)
    0x08006b3c   0x00000010   Code   RO         3567    i.__mathlib_dbl_underflow  m_ws.l(dunder.o)
    0x08006b4c   0x0000000e   Code   RO         3321    i._is_digit         c_w.l(__printf_wp.o)
    0x08006b5a   0x00000006   Code   RO          251    i._sys_exit         usart.o
    0x08006b60   0x000000a8   Code   RO          740    i.accel_self_test   inv_mpu.o
    0x08006c08   0x00000270   Code   RO         3424    i.asin              m_ws.l(asin.o)
    0x08006e78   0x00000220   Code   RO         3549    i.atan              m_ws.l(atan.o)
    0x08007098   0x00000180   Code   RO         3434    i.atan2             m_ws.l(atan2.o)
    0x08007218   0x0000009c   Code   RO         3442    i.cos               m_ws.l(cos.o)
    0x080072b4   0x00000064   Code   RO         1068    i.decode_gesture    inv_mpu_dmp_motion_driver.o
    0x08007318   0x00000040   Code   RO          142    i.delay_init        delay.o
    0x08007358   0x0000003c   Code   RO          143    i.delay_ms          delay.o
    0x08007394   0x0000003c   Code   RO          144    i.delay_us          delay.o
    0x080073d0   0x0000003c   Code   RO         1069    i.dmp_enable_6x_lp_quat  inv_mpu_dmp_motion_driver.o
    0x0800740c   0x0000021c   Code   RO         1070    i.dmp_enable_feature  inv_mpu_dmp_motion_driver.o
    0x08007628   0x00000058   Code   RO         1071    i.dmp_enable_gyro_cal  inv_mpu_dmp_motion_driver.o
    0x08007680   0x0000003c   Code   RO         1072    i.dmp_enable_lp_quat  inv_mpu_dmp_motion_driver.o
    0x080076bc   0x00000018   Code   RO         1077    i.dmp_load_motion_driver_firmware  inv_mpu_dmp_motion_driver.o
    0x080076d4   0x000001cc   Code   RO         1078    i.dmp_read_fifo     inv_mpu_dmp_motion_driver.o
    0x080078a0   0x00000130   Code   RO         1081    i.dmp_set_accel_bias  inv_mpu_dmp_motion_driver.o
    0x080079d0   0x00000070   Code   RO         1082    i.dmp_set_fifo_rate  inv_mpu_dmp_motion_driver.o
    0x08007a40   0x00000130   Code   RO         1083    i.dmp_set_gyro_bias  inv_mpu_dmp_motion_driver.o
    0x08007b70   0x00000138   Code   RO         1085    i.dmp_set_orientation  inv_mpu_dmp_motion_driver.o
    0x08007ca8   0x00000038   Code   RO         1088    i.dmp_set_shake_reject_thresh  inv_mpu_dmp_motion_driver.o
    0x08007ce0   0x00000026   Code   RO         1089    i.dmp_set_shake_reject_time  inv_mpu_dmp_motion_driver.o
    0x08007d06   0x00000026   Code   RO         1090    i.dmp_set_shake_reject_timeout  inv_mpu_dmp_motion_driver.o
    0x08007d2c   0x00000046   Code   RO         1091    i.dmp_set_tap_axes  inv_mpu_dmp_motion_driver.o
    0x08007d72   0x00000026   Code   RO         1092    i.dmp_set_tap_count  inv_mpu_dmp_motion_driver.o
    0x08007d98   0x000001a0   Code   RO         1093    i.dmp_set_tap_thresh  inv_mpu_dmp_motion_driver.o
    0x08007f38   0x00000026   Code   RO         1094    i.dmp_set_tap_time  inv_mpu_dmp_motion_driver.o
    0x08007f5e   0x00000026   Code   RO         1095    i.dmp_set_tap_time_multi  inv_mpu_dmp_motion_driver.o
    0x08007f84   0x000000b4   Code   RO          333    i.dotline           ili93xx.o
    0x08008038   0x0000001c   Code   RO          252    i.fputc             usart.o
    0x08008054   0x000000b4   Code   RO          741    i.get_accel_prod_shift  inv_mpu.o
    0x08008108   0x00000470   Code   RO          742    i.get_st_biases     inv_mpu.o
    0x08008578   0x00000166   Code   RO          334    i.gui_draw_bline1   ili93xx.o
    0x080086de   0x00000002   PAD
    0x080086e0   0x00000540   Code   RO          335    i.gyro_circle_panel  ili93xx.o
    0x08008c20   0x000000e0   Code   RO          336    i.gyro_circle_show  ili93xx.o
    0x08008d00   0x00000110   Code   RO          743    i.gyro_self_test    inv_mpu.o
    0x08008e10   0x00000028   Code   RO          744    i.inv_orientation_matrix_to_scalar  inv_mpu.o
    0x08008e38   0x0000004e   Code   RO          745    i.inv_row_2_scale   inv_mpu.o
    0x08008e86   0x00000002   PAD
    0x08008e88   0x0000030c   Code   RO           10    i.main              main.o
    0x08009194   0x00000002   Code   RO          746    i.mget_ms           inv_mpu.o
    0x08009196   0x0000006e   Code   RO         1307    i.mpu6050_send_data  niming.o
    0x08009204   0x0000007c   Code   RO         1308    i.mpuDmpInit        niming.o
    0x08009280   0x00000070   Code   RO          747    i.mpu_configure_fifo  inv_mpu.o
    0x080092f0   0x00000224   Code   RO          748    i.mpu_dmp_get_data  inv_mpu.o
    0x08009514   0x000000a0   Code   RO          749    i.mpu_dmp_init      inv_mpu.o
    0x080095b4   0x0000004c   Code   RO          750    i.mpu_get_accel_fsr  inv_mpu.o
    0x08009600   0x00000054   Code   RO          752    i.mpu_get_accel_sens  inv_mpu.o
    0x08009654   0x00000010   Code   RO          757    i.mpu_get_fifo_config  inv_mpu.o
    0x08009664   0x00000044   Code   RO          758    i.mpu_get_gyro_fsr  inv_mpu.o
    0x080096a8   0x00000050   Code   RO          760    i.mpu_get_gyro_sens  inv_mpu.o
    0x080096f8   0x00000050   Code   RO          762    i.mpu_get_lpf       inv_mpu.o
    0x08009748   0x00000020   Code   RO          764    i.mpu_get_sample_rate  inv_mpu.o
    0x08009768   0x000001f0   Code   RO          766    i.mpu_init          inv_mpu.o
    0x08009958   0x000000b8   Code   RO          767    i.mpu_load_firmware  inv_mpu.o
    0x08009a10   0x000000e0   Code   RO          768    i.mpu_lp_accel_mode  inv_mpu.o
    0x08009af0   0x000000c0   Code   RO          771    i.mpu_read_fifo_stream  inv_mpu.o
    0x08009bb0   0x00000080   Code   RO          772    i.mpu_read_mem      inv_mpu.o
    0x08009c30   0x000001c8   Code   RO          775    i.mpu_reset_fifo    inv_mpu.o
    0x08009df8   0x0000011c   Code   RO          776    i.mpu_run_self_test  inv_mpu.o
    0x08009f14   0x00000084   Code   RO          778    i.mpu_set_accel_fsr  inv_mpu.o
    0x08009f98   0x0000014c   Code   RO          779    i.mpu_set_bypass    inv_mpu.o
    0x0800a0e4   0x00000090   Code   RO          781    i.mpu_set_dmp_state  inv_mpu.o
    0x0800a174   0x00000088   Code   RO          782    i.mpu_set_gyro_fsr  inv_mpu.o
    0x0800a1fc   0x0000006c   Code   RO          783    i.mpu_set_int_latched  inv_mpu.o
    0x0800a268   0x00000084   Code   RO          785    i.mpu_set_lpf       inv_mpu.o
    0x0800a2ec   0x0000009c   Code   RO          786    i.mpu_set_sample_rate  inv_mpu.o
    0x0800a388   0x000000d0   Code   RO          787    i.mpu_set_sensors   inv_mpu.o
    0x0800a458   0x00000080   Code   RO          788    i.mpu_write_mem     inv_mpu.o
    0x0800a4d8   0x000009b8   Code   RO         3450    i.pow               m_ws.l(pow.o)
    0x0800ae90   0x00000048   Code   RO         1309    i.prints            niming.o
    0x0800aed8   0x00000006   Code   RO         2227    i.read_addr         usmart.o
    0x0800aede   0x00000002   PAD
    0x0800aee0   0x0000021c   Code   RO         1310    i.recordAcxyzMax    niming.o
    0x0800b0fc   0x00000094   Code   RO          789    i.run_self_test     inv_mpu.o
    0x0800b190   0x00000090   Code   RO          790    i.set_int_enable    inv_mpu.o
    0x0800b220   0x00000098   Code   RO         1311    i.showClockNum      niming.o
    0x0800b2b8   0x0000033a   Code   RO         1312    i.showNumtxyzrpy    niming.o
    0x0800b5f2   0x00000002   PAD
    0x0800b5f4   0x000000ac   Code   RO          338    i.showXandY         ili93xx.o
    0x0800b6a0   0x00001490   Code   RO          339    i.showprylineupdate  ili93xx.o
    0x0800cb30   0x0000010c   Code   RO          341    i.showxylinepo      ili93xx.o
    0x0800cc3c   0x00000090   Code   RO          343    i.showxyupdatepo    ili93xx.o
    0x0800cccc   0x00000068   Code   RO          344    i.showzupdate       ili93xx.o
    0x0800cd34   0x000000a0   Code   RO         3460    i.sin               m_ws.l(sin.o)
    0x0800cdd4   0x0000004c   Code   RO         3468    i.sqrt              m_ws.l(sqrt.o)
    0x0800ce20   0x000000dc   Code   RO          253    i.uart_init         usart.o
    0x0800cefc   0x000000f8   Code   RO         1313    i.updateScaleLine   niming.o
    0x0800cff4   0x00000078   Code   RO         1314    i.usart1_niming_report  niming.o
    0x0800d06c   0x000000c0   Code   RO         1315    i.usart1_report_imu  niming.o
    0x0800d12c   0x0000001c   Code   RO         1316    i.usart1_send_char  niming.o
    0x0800d148   0x000000b0   Code   RO         2228    i.usmart_cmd_rec    usmart.o
    0x0800d1f8   0x000002d4   Code   RO         2229    i.usmart_exe        usmart.o
    0x0800d4cc   0x000000d4   Code   RO         2314    i.usmart_get_aparm  usmart_str.o
    0x0800d5a0   0x00000036   Code   RO         2315    i.usmart_get_cmdname  usmart_str.o
    0x0800d5d6   0x00000002   PAD
    0x0800d5d8   0x000001c0   Code   RO         2316    i.usmart_get_fname  usmart_str.o
    0x0800d798   0x0000010c   Code   RO         2317    i.usmart_get_fparam  usmart_str.o
    0x0800d8a4   0x00000020   Code   RO         2318    i.usmart_get_parmpos  usmart_str.o
    0x0800d8c4   0x00000040   Code   RO         2230    i.usmart_get_runtime  usmart.o
    0x0800d904   0x00000028   Code   RO         2231    i.usmart_init       usmart.o
    0x0800d92c   0x00000016   Code   RO         2319    i.usmart_pow        usmart_str.o
    0x0800d942   0x00000002   PAD
    0x0800d944   0x00000030   Code   RO         2232    i.usmart_reset_runtime  usmart.o
    0x0800d974   0x000000bc   Code   RO         2233    i.usmart_scan       usmart.o
    0x0800da30   0x00000016   Code   RO         2320    i.usmart_search_nextc  usmart_str.o
    0x0800da46   0x00000106   Code   RO         2321    i.usmart_str2num    usmart_str.o
    0x0800db4c   0x00000022   Code   RO         2322    i.usmart_strcmp     usmart_str.o
    0x0800db6e   0x00000016   Code   RO         2323    i.usmart_strcopy    usmart_str.o
    0x0800db84   0x00000018   Code   RO         2324    i.usmart_strlen     usmart_str.o
    0x0800db9c   0x000006f4   Code   RO         2234    i.usmart_sys_cmd_exe  usmart.o
    0x0800e290   0x00000074   Code   RO         1317    i.windowfilterAx    niming.o
    0x0800e304   0x00000074   Code   RO         1318    i.windowfilterAy    niming.o
    0x0800e378   0x00000074   Code   RO         1319    i.windowfilterAz    niming.o
    0x0800e3ec   0x00000074   Code   RO         1320    i.windowfilterT     niming.o
    0x0800e460   0x00000004   Code   RO         2235    i.write_addr        usmart.o
    0x0800e464   0x00000062   Code   RO         3357    x$fpl$d2f           fz_ws.l(d2f.o)
    0x0800e4c6   0x00000002   PAD
    0x0800e4c8   0x00000150   Code   RO         3359    x$fpl$dadd          fz_ws.l(daddsub_clz.o)
    0x0800e618   0x00000010   Code   RO         3631    x$fpl$dcheck1       fz_ws.l(dcheck1.o)
    0x0800e628   0x00000018   Code   RO         3529    x$fpl$dcmpinf       fz_ws.l(dcmpi.o)
    0x0800e640   0x000002b0   Code   RO         3366    x$fpl$ddiv          fz_ws.l(ddiv.o)
    0x0800e8f0   0x0000005e   Code   RO         3369    x$fpl$dfix          fz_ws.l(dfix.o)
    0x0800e94e   0x00000002   PAD
    0x0800e950   0x0000005a   Code   RO         3373    x$fpl$dfixu         fz_ws.l(dfixu.o)
    0x0800e9aa   0x0000002e   Code   RO         3378    x$fpl$dflt          fz_ws.l(dflt_clz.o)
    0x0800e9d8   0x00000026   Code   RO         3377    x$fpl$dfltu         fz_ws.l(dflt_clz.o)
    0x0800e9fe   0x00000002   PAD
    0x0800ea00   0x00000078   Code   RO         3383    x$fpl$dleqf         fz_ws.l(dleqf.o)
    0x0800ea78   0x00000154   Code   RO         3385    x$fpl$dmul          fz_ws.l(dmul.o)
    0x0800ebcc   0x0000009c   Code   RO         3531    x$fpl$dnaninf       fz_ws.l(dnaninf.o)
    0x0800ec68   0x0000000c   Code   RO         3533    x$fpl$dretinf       fz_ws.l(dretinf.o)
    0x0800ec74   0x0000006c   Code   RO         3387    x$fpl$drleqf        fz_ws.l(drleqf.o)
    0x0800ece0   0x00000016   Code   RO         3360    x$fpl$drsb          fz_ws.l(daddsub_clz.o)
    0x0800ecf6   0x00000002   PAD
    0x0800ecf8   0x000001cc   Code   RO         3535    x$fpl$dsqrt         fz_ws.l(dsqrt_noumaal.o)
    0x0800eec4   0x000001d4   Code   RO         3361    x$fpl$dsub          fz_ws.l(daddsub_clz.o)
    0x0800f098   0x00000056   Code   RO         3389    x$fpl$f2d           fz_ws.l(f2d.o)
    0x0800f0ee   0x00000002   PAD
    0x0800f0f0   0x000000c4   Code   RO         3391    x$fpl$fadd          fz_ws.l(faddsub_clz.o)
    0x0800f1b4   0x00000018   Code   RO         3537    x$fpl$fcmpinf       fz_ws.l(fcmpi.o)
    0x0800f1cc   0x00000184   Code   RO         3398    x$fpl$fdiv          fz_ws.l(fdiv.o)
    0x0800f350   0x00000068   Code   RO         3401    x$fpl$feqf          fz_ws.l(feqf.o)
    0x0800f3b8   0x00000036   Code   RO         3403    x$fpl$ffix          fz_ws.l(ffix.o)
    0x0800f3ee   0x00000002   PAD
    0x0800f3f0   0x0000003e   Code   RO         3407    x$fpl$ffixu         fz_ws.l(ffixu.o)
    0x0800f42e   0x00000002   PAD
    0x0800f430   0x00000030   Code   RO         3412    x$fpl$fflt          fz_ws.l(fflt_clz.o)
    0x0800f460   0x00000026   Code   RO         3411    x$fpl$ffltu         fz_ws.l(fflt_clz.o)
    0x0800f486   0x00000002   PAD
    0x0800f488   0x00000068   Code   RO         3417    x$fpl$fleqf         fz_ws.l(fleqf.o)
    0x0800f4f0   0x00000102   Code   RO         3419    x$fpl$fmul          fz_ws.l(fmul.o)
    0x0800f5f2   0x0000008c   Code   RO         3539    x$fpl$fnaninf       fz_ws.l(fnaninf.o)
    0x0800f67e   0x0000000a   Code   RO         3541    x$fpl$fretinf       fz_ws.l(fretinf.o)
    0x0800f688   0x00000062   Code   RO         3421    x$fpl$frleqf        fz_ws.l(frleqf.o)
    0x0800f6ea   0x00000014   Code   RO         3392    x$fpl$frsb          fz_ws.l(faddsub_clz.o)
    0x0800f6fe   0x00000002   PAD
    0x0800f700   0x000000ea   Code   RO         3393    x$fpl$fsub          fz_ws.l(faddsub_clz.o)
    0x0800f7ea   0x00000064   Code   RO         3687    x$fpl$retnan        fz_ws.l(retnan.o)
    0x0800f84e   0x0000005c   Code   RO         3545    x$fpl$scalbn        fz_ws.l(scalbn.o)
    0x0800f8aa   0x00000030   Code   RO         3743    x$fpl$trapveneer    fz_ws.l(trapv.o)
    0x0800f8da   0x00000000   Code   RO         3547    x$fpl$usenofp       fz_ws.l(usenofp.o)
    0x0800f8da   0x000017c0   Data   RO          346    .constdata          ili93xx.o
    0x0801109a   0x00000002   PAD
    0x0801109c   0x00000050   Data   RO          792    .constdata          inv_mpu.o
    0x080110ec   0x00000bf6   Data   RO         1097    .constdata          inv_mpu_dmp_motion_driver.o
    0x08011ce2   0x00000018   Data   RO         1258    .constdata          rtc.o
    0x08011cfa   0x00000028   Data   RO         3309    .constdata          c_w.l(_printf_hex_int_ll_ptr.o)
    0x08011d22   0x00000011   Data   RO         3329    .constdata          c_w.l(__printf_flags_ss_wp.o)
    0x08011d33   0x00000005   PAD
    0x08011d38   0x00000050   Data   RO         3425    .constdata          m_ws.l(asin.o)
    0x08011d88   0x00000088   Data   RO         3451    .constdata          m_ws.l(pow.o)
    0x08011e10   0x00000098   Data   RO         3550    .constdata          m_ws.l(atan.o)
    0x08011ea8   0x00000030   Data   RO         3559    .constdata          m_ws.l(cos_i.o)
    0x08011ed8   0x00000008   Data   RO         3579    .constdata          m_ws.l(qnan.o)
    0x08011ee0   0x000000c8   Data   RO         3582    .constdata          m_ws.l(rred.o)
    0x08011fa8   0x00000028   Data   RO         3586    .constdata          m_ws.l(sin_i.o)
    0x08011fd0   0x0000004d   Data   RO          793    .conststring        inv_mpu.o
    0x0801201d   0x00000003   PAD
    0x08012020   0x00000028   Data   RO         2236    .conststring        usmart.o
    0x08012048   0x000000cb   Data   RO         2301    .conststring        usmart_config.o
    0x08012113   0x00000001   PAD
    0x08012114   0x00000020   Data   RO         3817    Region$$Table       anon$$obj.o


    Execution Region RW_IRAM1 (Base: 0x20000000, Size: 0x00000eb8, Max: 0x00010000, ABSOLUTE, COMPRESSED[0x00000078])

    Base Addr    Size         Type   Attr      Idx    E Section Name        Object

    0x20000000   0x00000004   Data   RW          145    .data               delay.o
    0x20000004   0x00000006   Data   RW          255    .data               usart.o
    0x2000000a   0x0000002e   Data   RW          347    .data               ili93xx.o
    0x20000038   0x00000001   Data   RW          585    .data               key.o
    0x20000039   0x00000003   PAD
    0x2000003c   0x00000035   Data   RW          794    .data               inv_mpu.o
    0x20000071   0x00000001   PAD
    0x20000072   0x00000002   Data   RW         1259    .data               rtc.o
    0x20000074   0x00000010   Data   RW         1322    .data               niming.o
    0x20000084   0x00000002   Data   RW         1408    .data               usart3.o
    0x20000086   0x00000004   Data   RW         1452    .data               timer.o
    0x2000008a   0x00000002   PAD
    0x2000008c   0x00000010   Data   RW         2046    .data               sdio_sdcard.o
    0x2000009c   0x0000001c   Data   RW         2237    .data               usmart.o
    0x200000b8   0x0000012c   Data   RW         2302    .data               usmart_config.o
    0x200001e4   0x000000c8   Zero   RW          254    .bss                usart.o
    0x200002ac   0x0000000e   Zero   RW          345    .bss                ili93xx.o
    0x200002ba   0x00000002   PAD
    0x200002bc   0x00000010   Zero   RW         1096    .bss                inv_mpu_dmp_motion_driver.o
    0x200002cc   0x0000000a   Zero   RW         1257    .bss                rtc.o
    0x200002d6   0x00000140   Zero   RW         1321    .bss                niming.o
    0x20000416   0x00000640   Zero   RW         1407    .bss                usart3.o
    0x20000a56   0x00000002   PAD
    0x20000a58   0x00000060   Zero   RW         3634    .bss                c_w.l(libspace.o)
    0x20000ab8   0x00000000   Zero   RW            2    HEAP                startup_stm32f10x_hd.o
    0x20000ab8   0x00000400   Zero   RW            1    STACK               startup_stm32f10x_hd.o



  Load Region LR$$.ARM.__AT_0x68000000 (Base: 0x68000000, Size: 0x00000000, Max: 0x000f0000, ABSOLUTE)

    Execution Region ER$$.ARM.__AT_0x68000000 (Base: 0x68000000, Size: 0x000f0000, Max: 0x000f0000, ABSOLUTE, UNINIT)

    Base Addr    Size         Type   Attr      Idx    E Section Name        Object

    0x68000000   0x000f0000   Zero   RW         2529    .ARM.__AT_0x68000000  malloc.o



  Load Region LR$$.ARM.__AT_0x680F0000 (Base: 0x680f0000, Size: 0x00000000, Max: 0x0000f000, ABSOLUTE)

    Execution Region ER$$.ARM.__AT_0x680F0000 (Base: 0x680f0000, Size: 0x0000f000, Max: 0x0000f000, ABSOLUTE, UNINIT)

    Base Addr    Size         Type   Attr      Idx    E Section Name        Object

    0x680f0000   0x0000f000   Zero   RW         2530    .ARM.__AT_0x680F0000  malloc.o


==============================================================================

Image component sizes


      Code (inc. data)   RO Data    RW Data    ZI Data      Debug   Object Name

       184         16          0          4          0       1547   delay.o
     25674        440       6080         46         14      31331   ili93xx.o
      6864        290        157         53          0      29248   inv_mpu.o
      3096        122       3062          0         16      19706   inv_mpu_dmp_motion_driver.o
       272         36          0          1          0       1026   key.o
       112         12          0          0          0        407   led.o
       780         66          0          0          0     208882   main.o
         0          0          0          0    1044480       1461   malloc.o
       930         30          0          0          0       7505   mpu6050.o
       666        102          0          0          0       4398   mpuiic.o
      3764        388          0         16        320      10045   niming.o
      1266        130         24          2         10       4830   rtc.o
       464         28          0         16          0      11522   sdio_sdcard.o
        52         18        304          0       1024        776   startup_stm32f10x_hd.o
       476         54          0          0          0       3055   sys.o
       244         22          0          4          0       1194   timer.o
       386         36          0          6        200       3808   usart.o
       112         16          0          2       1600       1224   usart3.o
      3170       1350         40         28          0       6886   usmart.o
         0          0        203        300          0       1468   usmart_config.o
      1400         20          0          0          0       7981   usmart_str.o

    ----------------------------------------------------------------------
     49934       3176       9908        484    1047668     358300   Object Totals
         0          0         32          0          0          0   (incl. Generated)
        22          0          6          6          4          0   (incl. Padding)

    ----------------------------------------------------------------------

      Code (inc. data)   RO Data    RW Data    ZI Data      Debug   Library Member Name

        24          4          0          0          0         84   __2printf.o
        90          0          0          0          0          0   __dczerorl2.o
         8          0          0          0          0         68   __main.o
       392          4         17          0          0         92   __printf_flags_ss_wp.o
        14          0          0          0          0         68   __printf_wp.o
         0          0          0          0          0          0   __rtentry.o
        12          0          0          0          0          0   __rtentry2.o
         6          0          0          0          0          0   __rtentry4.o
        52          8          0          0          0          0   __scatter.o
        28          0          0          0          0          0   __scatter_zi.o
         6          0          0          0          0          0   _printf_c.o
        44          0          0          0          0        108   _printf_char.o
        48          6          0          0          0         96   _printf_char_common.o
        36          4          0          0          0         80   _printf_char_file.o
         6          0          0          0          0          0   _printf_d.o
       120         16          0          0          0         92   _printf_dec.o
       148          4         40          0          0        160   _printf_hex_int_ll_ptr.o
       178          0          0          0          0         88   _printf_intcommon.o
        78          0          0          0          0        108   _printf_pad.o
         0          0          0          0          0          0   _printf_percent.o
         4          0          0          0          0          0   _printf_percent_end.o
         6          0          0          0          0          0   _printf_s.o
        82          0          0          0          0         80   _printf_str.o
         6          0          0          0          0          0   _printf_u.o
         6          0          0          0          0          0   _printf_x.o
        22          0          0          0          0        100   _rserrno.o
        16          0          0          0          0         68   aeabi_memset.o
        12          0          0          0          0         72   exit.o
         8          0          0          0          0         68   ferror.o
         6          0          0          0          0        152   heapauxi.o
         2          0          0          0          0          0   libinit.o
         2          0          0          0          0          0   libinit2.o
         2          0          0          0          0          0   libshutdown.o
         2          0          0          0          0          0   libshutdown2.o
         8          4          0          0         96         68   libspace.o
        72          0          0          0          0         76   llsdiv.o
       238          0          0          0          0        100   lludivv7m.o
        88          0          0          0          0         76   memcmp.o
         8          4          0          0          0         68   rt_errno_addr_intlibspace.o
        68          0          0          0          0         68   rt_memclr.o
        78          0          0          0          0         80   rt_memclr_w.o
         2          0          0          0          0          0   rtexit.o
        10          0          0          0          0          0   rtexit2.o
        74          0          0          0          0         80   sys_stackheap_outer.o
         2          0          0          0          0         68   use_no_semi.o
         2          0          0          0          0         68   use_no_semi_2.o
        98          4          0          0          0         92   d2f.o
       826         16          0          0          0        348   daddsub_clz.o
        16          4          0          0          0         68   dcheck1.o
        24          0          0          0          0         68   dcmpi.o
       688        140          0          0          0        208   ddiv.o
        94          4          0          0          0         92   dfix.o
        90          4          0          0          0         92   dfixu.o
        84          0          0          0          0        136   dflt_clz.o
       120          4          0          0          0         92   dleqf.o
       340         12          0          0          0        104   dmul.o
       156          4          0          0          0         92   dnaninf.o
        12          0          0          0          0         68   dretinf.o
       108          0          0          0          0         80   drleqf.o
       460         56          0          0          0        120   dsqrt_noumaal.o
        86          4          0          0          0         84   f2d.o
       450          8          0          0          0        236   faddsub_clz.o
        24          0          0          0          0         68   fcmpi.o
       388         76          0          0          0         96   fdiv.o
       104          4          0          0          0         84   feqf.o
        54          4          0          0          0         84   ffix.o
        62          4          0          0          0         84   ffixu.o
        86          0          0          0          0        136   fflt_clz.o
       104          4          0          0          0         84   fleqf.o
       258          4          0          0          0         84   fmul.o
       140          4          0          0          0         84   fnaninf.o
        10          0          0          0          0         68   fretinf.o
        98          0          0          0          0         68   frleqf.o
       100          0          0          0          0         68   retnan.o
        92          0          0          0          0         68   scalbn.o
        48          0          0          0          0         68   trapv.o
         0          0          0          0          0          0   usenofp.o
       624         52         80          0          0        168   asin.o
       544         70        152          0          0        124   atan.o
       384         38          0          0          0        144   atan2.o
       156          8          0          0          0        104   cos.o
       252         22         48          0          0        124   cos_i.o
        68         10          0          0          0        408   dunder.o
        40          0          0          0          0         68   fpclassify.o
       170          0          0          0          0         96   poly.o
      2488        190        136          0          0        300   pow.o
         0          0          8          0          0          0   qnan.o
       904         76        200          0          0        140   rred.o
       160         10          0          0          0        108   sin.o
       236         12         40          0          0        128   sin_i.o
        76          0          0          0          0         84   sqrt.o

    ----------------------------------------------------------------------
     13468        902        726          0         96       7456   Library Totals
        30          0          5          0          0          0   (incl. Padding)

    ----------------------------------------------------------------------

      Code (inc. data)   RO Data    RW Data    ZI Data      Debug   Library Name

      2116         54         57          0         96       2336   c_w.l
      5220        360          0          0          0       3124   fz_ws.l
      6102        488        664          0          0       1996   m_ws.l

    ----------------------------------------------------------------------
     13468        902        726          0         96       7456   Library Totals

    ----------------------------------------------------------------------

==============================================================================


      Code (inc. data)   RO Data    RW Data    ZI Data      Debug   

     63402       4078      10634        484    1047764     353064   Grand Totals
     63402       4078      10634        120    1047764     353064   ELF Image Totals (compressed)
     63402       4078      10634        120          0          0   ROM Totals

==============================================================================

    Total RO  Size (Code + RO Data)                74036 (  72.30kB)
    Total RW  Size (RW Data + ZI Data)           1048248 (1023.68kB)
    Total ROM Size (Code + RO Data + RW Data)      74156 (  72.42kB)

==============================================================================

